
> frontend@0.1.0 test
> vitest run


[1m[46m RUN [49m[22m [36mv4.1.0 [39m[90mD:/project/egov-enterprise/frontend[39m

 [31m❯[39m src/components/ui/__tests__/tabs.test.tsx [2m([22m[2m1 test[22m[2m | [22m[31m1 failed[39m[2m)[22m[32m 84[2mms[22m[39m
[31m     [31m×[31m renders tabs structure correctly[39m[32m 77[2mms[22m[39m
 [31m❯[39m src/app/login/__tests__/page.test.tsx [2m([22m[2m3 tests[22m[2m | [22m[31m3 failed[39m[2m)[22m[32m 55[2mms[22m[39m
[31m     [31m×[31m renders login page correctly[39m[32m 32[2mms[22m[39m
[31m     [31m×[31m calls login service with credentials[39m[32m 8[2mms[22m[39m
[31m     [31m×[31m shows error message on login failure[39m[32m 8[2mms[22m[39m
 [31m❯[39m src/app/admin/user/manage/__tests__/UserManageClient.test.tsx [2m([22m[2m5 tests[22m[2m | [22m[31m5 failed[39m[2m)[22m[32m 58[2mms[22m[39m
[31m     [31m×[31m renders user list correctly[39m[32m 39[2mms[22m[39m
[31m     [31m×[31m opens create dialog when newUser button is clicked[39m[32m 4[2mms[22m[39m
[31m     [31m×[31m opens edit dialog with user data when settings icon is clicked[39m[32m 4[2mms[22m[39m
[31m     [31m×[31m handles user deletion after confirmation[39m[32m 2[2mms[22m[39m
[31m     [31m×[31m handles user creation submission[39m[32m 4[2mms[22m[39m
 [31m❯[39m src/app/components/ui/__tests__/standard-modal.test.tsx [2m([22m[2m1 test[22m[2m | [22m[31m1 failed[39m[2m)[22m[32m 51[2mms[22m[39m
[31m     [31m×[31m renders standard modal structure (basic)[39m[32m 44[2mms[22m[39m
 [31m❯[39m src/components/common/__tests__/DataTable.test.tsx [2m([22m[2m5 tests[22m[2m | [22m[31m5 failed[39m[2m)[22m[32m 64[2mms[22m[39m
[31m     [31m×[31m renders table headers and data correctly[39m[32m 35[2mms[22m[39m
[31m     [31m×[31m shows empty state when data is empty[39m[32m 6[2mms[22m[39m
[31m     [31m×[31m calls onSort when a sortable header is clicked[39m[32m 6[2mms[22m[39m
[31m     [31m×[31m shows skeleton loader when loading is true[39m[32m 4[2mms[22m[39m
[31m     [31m×[31m calls onExport when export button is clicked[39m[32m 7[2mms[22m[39m
 [31m❯[39m src/components/ui/__tests__/select.test.tsx [2m([22m[2m1 test[22m[2m | [22m[31m1 failed[39m[2m)[22m[32m 70[2mms[22m[39m
[31m     [31m×[31m renders and allows selection[39m[32m 65[2mms[22m[39m
 [31m❯[39m src/components/ui/__tests__/CommonUI.test.tsx [2m([22m[2m5 tests[22m[2m | [22m[31m2 failed[39m[2m)[22m[33m 449[2mms[22m[39m
       [32m✓[39m Badge renders variants correctly[32m 76[2mms[22m[39m
[31m       [31m×[31m Checkbox renders and handles state[39m[32m 20[2mms[22m[39m
[31m       [31m×[31m Checkbox can be disabled[39m[32m 6[2mms[22m[39m
       [33m[2m✓[22m[39m Table components render correctly [33m 336[2mms[22m[39m
       [32m✓[39m Skeleton renders with custom className[32m 6[2mms[22m[39m
 [31m❯[39m src/components/ui/__tests__/button.test.tsx [2m([22m[2m5 tests[22m[2m | [22m[31m1 failed[39m[2m)[22m[33m 563[2mms[22m[39m
     [33m[2m✓[22m[39m renders correctly [33m 376[2mms[22m[39m
     [32m✓[39m handles click events[32m 20[2mms[22m[39m
     [32m✓[39m renders with different variants[32m 117[2mms[22m[39m
     [32m✓[39m renders as disabled[32m 38[2mms[22m[39m
[31m     [31m×[31m shows loading state[39m[32m 7[2mms[22m[39m
 [31m❯[39m src/app/cop/__tests__/sim.test.tsx [2m([22m[2m1 test[22m[2m | [22m[31m1 failed[39m[2m)[22m[32m 40[2mms[22m[39m
[31m     [31m×[31m renders schedule list page structure[39m[32m 36[2mms[22m[39m
 [31m❯[39m src/components/features/comment/__tests__/CommentSection.test.tsx [2m([22m[2m5 tests[22m[2m | [22m[31m3 failed[39m[2m)[22m[33m 2263[2mms[22m[39m
[31m     [31m×[31m renders comments correctly[39m[32m 136[2mms[22m[39m
     [32m✓[39m handles empty comment list[32m 29[2mms[22m[39m
     [32m✓[39m submits a new comment[32m 51[2mms[22m[39m
[31m     [31m×[31m handles comment update[39m[33m 1018[2mms[22m[39m
[31m     [31m×[31m handles comment deletion[39m[33m 1024[2mms[22m[39m
 [31m❯[39m src/app/components/ui/__tests__/standard-search-filter.test.tsx [2m([22m[2m3 tests[22m[2m | [22m[31m3 failed[39m[2m)[22m[32m 41[2mms[22m[39m
[31m     [31m×[31m renders filter labels and placeholders[39m[32m 32[2mms[22m[39m
[31m     [31m×[31m calls onSearch with collected values[39m[32m 3[2mms[22m[39m
[31m     [31m×[31m resets values when reset button is clicked[39m[32m 2[2mms[22m[39m
node.exe : [90mstderr[2m | src/app/actions/__tests__/boardActions.test.ts[2m > [22m[2mboardActions[2m > [22m[2m
saveBoardArticle[2m > [22m[2mshould handle catch error
At C:\Program Files\nodejs\npm.ps1:29 char:3
+   & $NODE_EXE $NPM_CLI_JS $args
+   ~~~~~~~~~~~~~~~~~~~~~~~~~~~~~
    + CategoryInfo          : NotSpecified: ([90mstderr[2m...dle catch error:String) [], RemoteException
    + FullyQualifiedErrorId : NativeCommandError
 
[22m[39mSave Action Error: { response: { data: { message: [32m'Network Error'[39m } } }

 [31m❯[39m src/app/actions/__tests__/boardActions.test.ts [2m([22m[2m8 tests[22m[2m | [22m[31m3 failed[39m[2m)[22m[32m 44[2mms[22m[39m
       [32m✓[39m should return error if title is missing[32m 5[2mms[22m[39m
       [32m✓[39m should return error if content is missing[32m 1[2mms[22m[39m
[31m       [31m×[31m should call API and return success on create[39m[32m 17[2mms[22m[39m
[31m       [31m×[31m should call API and return success on edit[39m[32m 8[2mms[22m[39m
       [32m✓[39m should handle API failure[32m 2[2mms[22m[39m
       [32m✓[39m should handle catch error[32m 4[2mms[22m[39m
[31m       [31m×[31m should call delete API and revalidate[39m[32m 4[2mms[22m[39m
       [32m✓[39m should handle delete failure[32m 1[2mms[22m[39m
 [31m❯[39m src/app/cop/__tests__/cmy.test.tsx [2m([22m[2m1 test[22m[2m | [22m[31m1 failed[39m[2m)[22m[32m 25[2mms[22m[39m
[31m     [31m×[31m renders list of communities[39m[32m 22[2mms[22m[39m
 [31m❯[39m src/services/__tests__/SupportServices.test.ts [2m([22m[2m4 tests[22m[2m | [22m[31m1 failed[39m[2m)[22m[32m 11[2mms[22m[39m
     [32m✓[39m pollService calls correct endpoints[32m 4[2mms[22m[39m
[31m     [31m×[31m commentService calls correct endpoints[39m[32m 3[2mms[22m[39m
     [32m✓[39m fileService calls correct endpoints[32m 1[2mms[22m[39m
     [32m✓[39m securityService calls correct endpoints[32m 1[2mms[22m[39m
 [31m❯[39m src/app/cop/__tests__/djm.test.tsx [2m([22m[2m1 test[22m[2m | [22m[31m1 failed[39m[2m)[22m[32m 47[2mms[22m[39m
[31m     [31m×[31m renders list of department jobs[39m[32m 41[2mms[22m[39m
 [32m✓[39m src/components/layout/__tests__/Sidebar.test.tsx [2m([22m[2m2 tests[22m[2m)[22m[33m 559[2mms[22m[39m
     [33m[2m✓[22m[39m renders navigation with aria-label [33m 387[2mms[22m[39m
 [32m✓[39m src/components/ui/__tests__/input.test.tsx [2m([22m[2m4 tests[22m[2m)[22m[33m 552[2mms[22m[39m
     [33m[2m✓[22m[39m handles changes [33m 443[2mms[22m[39m
[90mstderr[2m | src/contexts/__tests__/AuthContext.test.tsx[2m > [22m[2mAuthContext[2m > [22m[2m로그인 실패 시 에러를 던져
야 함
[22m[39mLogin process error: Login Failed

 [32m✓[39m src/contexts/__tests__/AuthContext.test.tsx [2m([22m[2m5 tests[22m[2m)[22m[32m 144[2mms[22m[39m
 [32m✓[39m src/app/admin/system/menus/__tests__/MenuAdminClient.test.tsx [2m([22m[2m2 tests[22m[2m)[22m[32m 243[2mms[22m[39m
 [32m✓[39m src/app/admin/system/programs/__tests__/ProgramAdminClient.test.tsx [2m([22m[2m2 tests[22m[2m)[22m[32m 224[2mms[22m[39m
 [32m✓[39m src/components/ui/__tests__/card.test.tsx [2m([22m[2m2 tests[22m[2m)[22m[32m 68[2mms[22m[39m
 [31m❯[39m src/app/survey/__tests__/page.test.tsx [2m([22m[2m1 test[22m[2m | [22m[31m1 failed[39m[2m)[22m[32m 38[2mms[22m[39m
[31m     [31m×[31m renders survey list page structure[39m[32m 34[2mms[22m[39m
 [32m✓[39m src/app/page.test.tsx [2m([22m[2m2 tests[22m[2m)[22m[32m 39[2mms[22m[39m
 [32m✓[39m src/contexts/__tests__/websocket-context.test.tsx [2m([22m[2m1 test[22m[2m)[22m[32m 47[2mms[22m[39m
 [32m✓[39m src/lib/hooks/__tests__/useSearchState.test.ts [2m([22m[2m2 tests[22m[2m)[22m[32m 32[2mms[22m[39m
 [32m✓[39m src/app/components/layout/__tests__/LayoutComponents.test.tsx [2m([22m[2m1 test[22m[2m)[22m[32m 23[2mms[22m[39m
[90mstderr[2m | src/app/actions/__tests__/syncActions.test.ts[2m > [22m[2msyncActions[2m > [22m[2msaveSyncServe
rAction[2m > [22m[2mshould handle errors
[22m[39mSave Sync Server Error: Error: Save Failed
    at D:/project/egov-enterprise/frontend/src/app/actions/__tests__/syncActions.test.ts:74:72
    at [90mfile:///D:/project/egov-enterprise/frontend/[39mnode_modules/[4m@vitest[24m/runner/dist/index.js:296:11
    at [90mfile:///D:/project/egov-enterprise/frontend/[39mnode_modules/[4m@vitest[24m/runner/dist/index.js:1258:26
    at [90mfile:///D:/project/egov-enterprise/frontend/[39mnode_modules/[4m@vitest[24m/runner/dist/index.js:1681:20
    at new Promise (<anonymous>)
    at runWithCancel [90m(file:///D:/project/egov-enterprise/frontend/[39mnode_modules/[4m@vitest[24m/runner/dist/i
ndex.js:1678:10[90m)[39m
    at [90mfile:///D:/project/egov-enterprise/frontend/[39mnode_modules/[4m@vitest[24m/runner/dist/index.js:1660:20
    at new Promise (<anonymous>)
    at runWithTimeout [90m(file:///D:/project/egov-enterprise/frontend/[39mnode_modules/[4m@vitest[24m/runner/dist/
index.js:1627:10[90m)[39m
    at [90mfile:///D:/project/egov-enterprise/frontend/[39mnode_modules/[4m@vitest[24m/runner/dist/index.js:2309:64

 [32m✓[39m src/app/actions/__tests__/syncActions.test.ts [2m([22m[2m5 tests[22m[2m)[22m[32m 15[2mms[22m[39m
 [32m✓[39m src/lib/utils/__tests__/exportUtils.test.ts [2m([22m[2m2 tests[22m[2m)[22m[32m 17[2mms[22m[39m
 [32m✓[39m src/lib/__tests__/utils.test.ts [2m([22m[2m14 tests[22m[2m)[22m[32m 22[2mms[22m[39m
 [32m✓[39m src/services/foundation/system/__tests__/CodeAdminService.test.ts [2m([22m[2m9 tests[22m[2m)[22m[32m 11[2mms[22m[39m
 [32m✓[39m src/services/foundation/system/__tests__/AdminServicesPart3.test.ts [2m([22m[2m3 tests[22m[2m)[22m[32m 8[2mms[22m[39m
 [32m✓[39m src/lib/validation/__tests__/schemas.test.ts [2m([22m[2m7 tests[22m[2m)[22m[32m 12[2mms[22m[39m
 [32m✓[39m src/lib/__tests__/logger.test.ts [2m([22m[2m3 tests[22m[2m)[22m[32m 6[2mms[22m[39m
 [32m✓[39m src/services/__tests__/authService.test.ts [2m([22m[2m4 tests[22m[2m)[22m[32m 7[2mms[22m[39m
 [32m✓[39m src/services/business/user/__tests__/FinalDomainServices.test.ts [2m([22m[2m3 tests[22m[2m)[22m[32m 10[2mms[22m[39m
 [32m✓[39m src/services/foundation/system/__tests__/MenuAdminService.test.ts [2m([22m[2m3 tests[22m[2m)[22m[32m 15[2mms[22m[39m
 [32m✓[39m src/services/foundation/system/__tests__/AdminServicesPart2.test.ts [2m([22m[2m2 tests[22m[2m)[22m[32m 9[2mms[22m[39m
 [32m✓[39m src/lib/api/__tests__/client.test.ts [2m([22m[2m2 tests[22m[2m)[22m[32m 8[2mms[22m[39m
 [32m✓[39m src/services/business/user/__tests__/UserDomainServices.test.ts [2m([22m[2m2 tests[22m[2m)[22m[32m 7[2mms[22m[39m
 [32m✓[39m src/services/business/user/__tests__/ComprehensiveUserServices.test.ts [2m([22m[2m3 tests[22m[2m)[22m[32m 7[2mms[22m[39m
 [32m✓[39m src/services/core/__tests__/ApiService.test.ts [2m([22m[2m3 tests[22m[2m)[22m[32m 6[2mms[22m[39m
 [32m✓[39m src/services/foundation/system/__tests__/ProgramAdminService.test.ts [2m([22m[2m2 tests[22m[2m)[22m[32m 6[2mms[22m[39m
 [32m✓[39m src/services/business/user/board/__tests__/CommentService.test.ts [2m([22m[2m2 tests[22m[2m)[22m[32m 6[2mms[22m[39m
 [32m✓[39m src/services/foundation/system/__tests__/PolicyAdminService.test.ts [2m([22m[2m3 tests[22m[2m)[22m[32m 5[2mms[22m[39m
 [32m✓[39m src/lib/utils/__tests__/serialization.test.ts [2m([22m[2m2 tests[22m[2m)[22m[32m 4[2mms[22m[39m
 [32m✓[39m src/constants/__tests__/messages.test.ts [2m([22m[2m2 tests[22m[2m)[22m[32m 3[2mms[22m[39m

[31m⎯⎯⎯⎯⎯⎯[39m[1m[41m Failed Tests 33 [49m[22m[31m⎯⎯⎯⎯⎯⎯⎯[39m

[41m[1m FAIL [22m[49m src/services/__tests__/SupportServices.test.ts[2m > [22mCommon Support Services[2m > [22m
commentService calls correct endpoints
[31m[1mTypeError[22m: Cannot read properties of undefined (reading 'list')[39m
[36m [2m❯[22m CommentService.getComments src/services/business/comment/commentService.ts:[2m18:22[22m[39m
    [90m 16|[39m     // Handle both legacy and new structures if necessary, but here we…
    [90m 17|[39m     [35mreturn[39m {
    [90m 18|[39m       list[33m:[39m response[33m.[39mlist [33m||[39m response[33m.[39mresultList [33m||[39
m [][33m,[39m
    [90m   |[39m                      [31m^[39m
    [90m 19|[39m       total: response.total || response.paginationInfo?.totalRecordCou…
    [90m 20|[39m       page[33m:[39m response[33m.[39mpage [33m||[39m [34m1[39m[33m,[39m
[90m [2m❯[22m src/services/__tests__/SupportServices.test.ts:[2m34:2[22m[39m

[31m[2m⎯⎯⎯⎯⎯⎯⎯⎯⎯⎯⎯⎯⎯⎯⎯⎯⎯⎯⎯⎯⎯⎯⎯[1/33]⎯[22m[39m

[41m[1m FAIL [22m[49m src/app/actions/__tests__/boardActions.test.ts[2m > [22mboardActions[2m > [22msaveBoardAr
ticle[2m > [22mshould call API and return success on create
[31m[1mAssertionError[22m: expected "vi.fn()" to be called with arguments: [ '/admin/community/boards' ][90m

Received:

[1m  1st vi.fn() call:

[22m[2m  [[22m
[32m-   "/admin/community/boards",[90m
[31m+   "/admin/community/boards/selectBoardList",[90m
[2m  ][22m
[31m[90m

Number of calls: [1m1[22m
[31m[39m
[36m [2m❯[22m src/app/actions/__tests__/boardActions.test.ts:[2m76:30[22m[39m
    [90m 74|[39m
    [90m 75|[39m       [34mexpect[39m(client[33m.[39mpost)[33m.[39m[34mtoHaveBeenCalled[39m()[33m;[39m
    [90m 76|[39m       expect(revalidatePath).toHaveBeenCalledWith('/admin/community/bo…
    [90m   |[39m                              [31m^[39m
    [90m 77|[39m       [34mexpect[39m(result[33m.[39msuccess)[33m.[39m[34mtoBe[39m([35mtrue[39m)[33m;[39m
    [90m 78|[39m       [34mexpect[39m(result[33m.[39mmessage)[33m.[39m[34mtoBe[39m([32m'게시글이 성공적으로 등록되었습니다.'
[39m)[33m;[39m

[31m[2m⎯⎯⎯⎯⎯⎯⎯⎯⎯⎯⎯⎯⎯⎯⎯⎯⎯⎯⎯⎯⎯⎯⎯[2/33]⎯[22m[39m

[41m[1m FAIL [22m[49m src/app/actions/__tests__/boardActions.test.ts[2m > [22mboardActions[2m > [22msaveBoardAr
ticle[2m > [22mshould call API and return success on edit
[31m[1mAssertionError[22m: expected "vi.fn()" to be called with arguments: [ '/admin/community/boards' ][90m

Received:

[1m  1st vi.fn() call:

[22m[2m  [[22m
[32m-   "/admin/community/boards",[90m
[31m+   "/admin/community/boards/selectBoardList",[90m
[2m  ][22m
[31m[90m

Number of calls: [1m1[22m
[31m[39m
[36m [2m❯[22m src/app/actions/__tests__/boardActions.test.ts:[2m101:30[22m[39m
    [90m 99|[39m         headers: { Authorization: 'Bearer token', 'Content-Type': 'mul…
    [90m100|[39m       }))[33m;[39m
    [90m101|[39m       expect(revalidatePath).toHaveBeenCalledWith('/admin/community/bo…
    [90m   |[39m                              [31m^[39m
    [90m102|[39m       [34mexpect[39m(result[33m.[39msuccess)[33m.[39m[34mtoBe[39m([35mtrue[39m)[33m;[39m
    [90m103|[39m       [34mexpect[39m(result[33m.[39mmessage)[33m.[39m[34mtoBe[39m([32m'게시글이 성공적으로 수정되었습니다.'
[39m)[33m;[39m

[31m[2m⎯⎯⎯⎯⎯⎯⎯⎯⎯⎯⎯⎯⎯⎯⎯⎯⎯⎯⎯⎯⎯⎯⎯[3/33]⎯[22m[39m

[41m[1m FAIL [22m[49m src/app/actions/__tests__/boardActions.test.ts[2m > [22mboardActions[2m > [22mdeleteBoard
Article[2m > [22mshould call delete API and revalidate
[31m[1mAssertionError[22m: expected "vi.fn()" to be called with arguments: [ '/admin/community/boards' ][90m

Received:

[1m  1st vi.fn() call:

[22m[2m  [[22m
[32m-   "/admin/community/boards",[90m
[31m+   "/admin/community/boards/selectBoardList",[90m
[2m  ][22m
[31m[90m

Number of calls: [1m1[22m
[31m[39m
[36m [2m❯[22m src/app/actions/__tests__/boardActions.test.ts:[2m151:30[22m[39m
    [90m149|[39m
    [90m150|[39m       expect(client.delete).toHaveBeenCalledWith('/bbs/BBS_001/100', {…
    [90m151|[39m       expect(revalidatePath).toHaveBeenCalledWith('/admin/community/bo…
    [90m   |[39m                              [31m^[39m
    [90m152|[39m       [34mexpect[39m(result[33m.[39msuccess)[33m.[39m[34mtoBe[39m([35mtrue[39m)[33m;[39m
    [90m153|[39m     })[33m;[39m

[31m[2m⎯⎯⎯⎯⎯⎯⎯⎯⎯⎯⎯⎯⎯⎯⎯⎯⎯⎯⎯⎯⎯⎯⎯[4/33]⎯[22m[39m

[41m[1m FAIL [22m[49m src/app/cop/__tests__/cmy.test.tsx[2m > [22mCommunityListPage[2m > [22mrenders list of co
mmunities
[31m[1mError[22m: [vitest] No "Users" export is defined on the "lucide-react" mock. Did you forget to return it from
 "vi.mock"?
If you need to partially mock a module, you can use "importOriginal" helper inside:
[39m
vi.mock(import("lucide-react"), async (importOriginal) => {
  const actual = await importOriginal()
  return {
    ...actual,
    // your mocked methods
  }
})

[36m [2m❯[22m CommunityListPage src/app/cop/cmy/selectCommunityList/page.tsx:[2m66:18[22m[39m
    [90m 64|[39m             <CardTitle className="text-4xl font-black tracking-tighter…
    [90m 65|[39m               <div className="w-16 h-16 rounded-[0.1rem] bg-white/10 f…
    [90m 66|[39m                 [33m<[39m[33mUsers[39m [33mclassName[39m[33m=[39m[32m"w-10 h-10 text-primar
y"[39m [33m/[39m[33m>[39m
    [90m   |[39m                  [31m^[39m
    [90m 67|[39m               [33m<[39m[33m/[39m[33mdiv[39m[33m>[39m
    [90m 68|[39m               <span className="text-left font-black tracking-tighter">…
[90m [2m❯[22m Object.react-stack-bottom-frame node_modules/react-dom/cjs/react-dom-client.development.js:[2m22428:2
0[22m[39m
[90m [2m❯[22m renderWithHooks node_modules/react-dom/cjs/react-dom-client.development.js:[2m5757:22[22m[39m
[90m [2m❯[22m updateFunctionComponent node_modules/react-dom/cjs/react-dom-client.development.js:[2m8018:19[22m[3
9m
[90m [2m❯[22m beginWork node_modules/react-dom/cjs/react-dom-client.development.js:[2m9683:18[22m[39m
[90m [2m❯[22m runWithFiberInDEV node_modules/react-dom/cjs/react-dom-client.development.js:[2m543:16[22m[39m
[90m [2m❯[22m performUnitOfWork node_modules/react-dom/cjs/react-dom-client.development.js:[2m15052:22[22m[39m
[90m [2m❯[22m workLoopSync node_modules/react-dom/cjs/react-dom-client.development.js:[2m14870:41[22m[39m

[31m[2m⎯⎯⎯⎯⎯⎯⎯⎯⎯⎯⎯⎯⎯⎯⎯⎯⎯⎯⎯⎯⎯⎯⎯[5/33]⎯[22m[39m

[41m[1m FAIL [22m[49m src/app/cop/__tests__/djm.test.tsx[2m > [22mDeptJobListPage[2m > [22mrenders list of depa
rtment jobs
[31m[1mError[22m: [vitest] No "Briefcase" export is defined on the "lucide-react" mock. Did you forget to return it 
from "vi.mock"?
If you need to partially mock a module, you can use "importOriginal" helper inside:
[39m
vi.mock(import("lucide-react"), async (importOriginal) => {
  const actual = await importOriginal()
  return {
    ...actual,
    // your mocked methods
  }
})

[36m [2m❯[22m DeptJobListPage src/app/smart-toolkit/dept-job/selectDeptJobList/page.tsx:[2m81:16[22m[39m
    [90m 79|[39m           [33m<[39m[33mdiv[39m [33mclassName[39m[33m=[39m[32m"space-y-1"[39m[33m>[39m
    [90m 80|[39m             <CardTitle className="text-3xl font-black tracking-tighter…
    [90m 81|[39m               [33m<[39m[33mBriefcase[39m [33mclassName[39m[33m=[39m[32m"w-8 h-8 text-primar
y"[39m [33m/[39m[33m>[39m 부서 업무 목록
    [90m   |[39m                [31m^[39m
    [90m 82|[39m             [33m<[39m[33m/[39m[33mCardTitle[39m[33m>[39m
    [90m 83|[39m             <p className="text-sm text-muted-foreground font-medium tr…
[90m [2m❯[22m Object.react-stack-bottom-frame node_modules/react-dom/cjs/react-dom-client.development.js:[2m22428:2
0[22m[39m
[90m [2m❯[22m renderWithHooks node_modules/react-dom/cjs/react-dom-client.development.js:[2m5757:22[22m[39m
[90m [2m❯[22m updateFunctionComponent node_modules/react-dom/cjs/react-dom-client.development.js:[2m8018:19[22m[3
9m
[90m [2m❯[22m beginWork node_modules/react-dom/cjs/react-dom-client.development.js:[2m9683:18[22m[39m
[90m [2m❯[22m runWithFiberInDEV node_modules/react-dom/cjs/react-dom-client.development.js:[2m543:16[22m[39m
[90m [2m❯[22m performUnitOfWork node_modules/react-dom/cjs/react-dom-client.development.js:[2m15052:22[22m[39m
[90m [2m❯[22m workLoopSync node_modules/react-dom/cjs/react-dom-client.development.js:[2m14870:41[22m[39m

[31m[2m⎯⎯⎯⎯⎯⎯⎯⎯⎯⎯⎯⎯⎯⎯⎯⎯⎯⎯⎯⎯⎯⎯⎯[6/33]⎯[22m[39m

[41m[1m FAIL [22m[49m src/app/cop/__tests__/sim.test.tsx[2m > [22mScheduleListPage[2m > [22mrenders schedule li
st page structure
[31m[1mError[22m: [vitest] No "Briefcase" export is defined on the "lucide-react" mock. Did you forget to return it 
from "vi.mock"?
If you need to partially mock a module, you can use "importOriginal" helper inside:
[39m
vi.mock(import("lucide-react"), async (importOriginal) => {
  const actual = await importOriginal()
  return {
    ...actual,
    // your mocked methods
  }
})

[36m [2m❯[22m WorkHubClient src/app/admin/work-hub/WorkHubClient.tsx:[2m201:15[22m[39m
    [90m199|[39m         [33mhighlight[39m[33m=[39m[32m"Hub"[39m
    [90m200|[39m         [33msubtitle[39m[33m=[39m[32m"전사 부서별 업무 처리 및 비즈니스 데이터 자산 통합 관리 센터"[39m
    [90m201|[39m         [33micon[39m[33m=[39m[33m{[39m[33mBriefcase[39m[33m}[39m
    [90m   |[39m               [31m^[39m
    [90m202|[39m         [33mactions[39m[33m=[39m[33m{[39m
    [90m203|[39m           [33m<[39m[33mdiv[39m [33mclassName[39m[33m=[39m[32m"flex gap-4 p-2"[39m[33m>[3
9m
[90m [2m❯[22m Object.react-stack-bottom-frame node_modules/react-dom/cjs/react-dom-client.development.js:[2m22428:2
0[22m[39m
[90m [2m❯[22m renderWithHooks node_modules/react-dom/cjs/react-dom-client.development.js:[2m5757:22[22m[39m
[90m [2m❯[22m updateFunctionComponent node_modules/react-dom/cjs/react-dom-client.development.js:[2m8018:19[22m[3
9m
[90m [2m❯[22m beginWork node_modules/react-dom/cjs/react-dom-client.development.js:[2m9683:18[22m[39m
[90m [2m❯[22m runWithFiberInDEV node_modules/react-dom/cjs/react-dom-client.development.js:[2m543:16[22m[39m
[90m [2m❯[22m performUnitOfWork node_modules/react-dom/cjs/react-dom-client.development.js:[2m15052:22[22m[39m
[90m [2m❯[22m workLoopSync node_modules/react-dom/cjs/react-dom-client.development.js:[2m14870:41[22m[39m

[31m[2m⎯⎯⎯⎯⎯⎯⎯⎯⎯⎯⎯⎯⎯⎯⎯⎯⎯⎯⎯⎯⎯⎯⎯[7/33]⎯[22m[39m

[41m[1m FAIL [22m[49m src/app/login/__tests__/page.test.tsx[2m > [22mLoginPage Component[2m > [22mrenders login
 page correctly
[41m[1m FAIL [22m[49m src/app/login/__tests__/page.test.tsx[2m > [22mLoginPage Component[2m > [22mcalls login s
ervice with credentials
[41m[1m FAIL [22m[49m src/app/login/__tests__/page.test.tsx[2m > [22mLoginPage Component[2m > [22mshows error m
essage on login failure
[31m[1mError[22m: [vitest] No "Zap" export is defined on the "lucide-react" mock. Did you forget to return it from "
vi.mock"?
If you need to partially mock a module, you can use "importOriginal" helper inside:
[39m
vi.mock(import("lucide-react"), async (importOriginal) => {
  const actual = await importOriginal()
  return {
    ...actual,
    // your mocked methods
  }
})

[36m [2m❯[22m LoginPage src/app/login/page.tsx:[2m116:30[22m[39m
    [90m114|[39m                     <CardHeader className="space-y-2 text-center pt-10…
    [90m115|[39m                         <div className="w-12 h-12 bg-primary/10 rounde…
    [90m116|[39m                             <Zap className="text-primary w-6 h-6 fill-…
    [90m   |[39m                              [31m^[39m
    [90m117|[39m                         [33m<[39m[33m/[39m[33mdiv[39m[33m>[39m
    [90m118|[39m                         <CardTitle className="text-2xl font-bold track…
[90m [2m❯[22m Object.react-stack-bottom-frame node_modules/react-dom/cjs/react-dom-client.development.js:[2m22428:2
0[22m[39m
[90m [2m❯[22m renderWithHooks node_modules/react-dom/cjs/react-dom-client.development.js:[2m5757:22[22m[39m
[90m [2m❯[22m updateFunctionComponent node_modules/react-dom/cjs/react-dom-client.development.js:[2m8018:19[22m[3
9m
[90m [2m❯[22m beginWork node_modules/react-dom/cjs/react-dom-client.development.js:[2m9683:18[22m[39m
[90m [2m❯[22m runWithFiberInDEV node_modules/react-dom/cjs/react-dom-client.development.js:[2m543:16[22m[39m
[90m [2m❯[22m performUnitOfWork node_modules/react-dom/cjs/react-dom-client.development.js:[2m15052:22[22m[39m
[90m [2m❯[22m workLoopSync node_modules/react-dom/cjs/react-dom-client.development.js:[2m14870:41[22m[39m

[31m[2m⎯⎯⎯⎯⎯⎯⎯⎯⎯⎯⎯⎯⎯⎯⎯⎯⎯⎯⎯⎯⎯⎯⎯[8/33]⎯[22m[39m

[41m[1m FAIL [22m[49m src/components/common/__tests__/DataTable.test.tsx[2m > [22mDataTable[2m > [22mrenders ta
ble headers and data correctly
[41m[1m FAIL [22m[49m src/components/common/__tests__/DataTable.test.tsx[2m > [22mDataTable[2m > [22mshows empt
y state when data is empty
[41m[1m FAIL [22m[49m src/components/common/__tests__/DataTable.test.tsx[2m > [22mDataTable[2m > [22mcalls onSo
rt when a sortable header is clicked
[41m[1m FAIL [22m[49m src/components/common/__tests__/DataTable.test.tsx[2m > [22mDataTable[2m > [22mshows skel
eton loader when loading is true
[41m[1m FAIL [22m[49m src/components/common/__tests__/DataTable.test.tsx[2m > [22mDataTable[2m > [22mcalls onEx
port when export button is clicked
[31m[1mError[22m: [vitest] No "Search" export is defined on the "lucide-react" mock. Did you forget to return it fro
m "vi.mock"?
If you need to partially mock a module, you can use "importOriginal" helper inside:
[39m
vi.mock(import("lucide-react"), async (importOriginal) => {
  const actual = await importOriginal()
  return {
    ...actual,
    // your mocked methods
  }
})

[36m [2m❯[22m DataTable src/components/common/DataTable.tsx:[2m80:14[22m[39m
    [90m 78|[39m         [33m<[39m[33mdiv[39m [33mclassName[39m[33m=[39m[32m"flex items-center gap-2"[39m[
33m>[39m
    [90m 79|[39m           <form onSubmit={handleSearchSubmit} className="relative w-fu…
    [90m 80|[39m             <Search className="absolute left-2.5 top-2.5 h-4 w-4 text-…
    [90m   |[39m              [31m^[39m
    [90m 81|[39m             [33m<[39m[33mInput[39m
    [90m 82|[39m               [33mtype[39m[33m=[39m[32m"search"[39m
[90m [2m❯[22m Object.react-stack-bottom-frame node_modules/react-dom/cjs/react-dom-client.development.js:[2m22428:2
0[22m[39m
[90m [2m❯[22m renderWithHooks node_modules/react-dom/cjs/react-dom-client.development.js:[2m5757:22[22m[39m
[90m [2m❯[22m updateFunctionComponent node_modules/react-dom/cjs/react-dom-client.development.js:[2m8018:19[22m[3
9m
[90m [2m❯[22m beginWork node_modules/react-dom/cjs/react-dom-client.development.js:[2m9683:18[22m[39m
[90m [2m❯[22m runWithFiberInDEV node_modules/react-dom/cjs/react-dom-client.development.js:[2m543:16[22m[39m
[90m [2m❯[22m performUnitOfWork node_modules/react-dom/cjs/react-dom-client.development.js:[2m15052:22[22m[39m
[90m [2m❯[22m workLoopSync node_modules/react-dom/cjs/react-dom-client.development.js:[2m14870:41[22m[39m

[31m[2m⎯⎯⎯⎯⎯⎯⎯⎯⎯⎯⎯⎯⎯⎯⎯⎯⎯⎯⎯⎯⎯⎯⎯[9/33]⎯[22m[39m

[41m[1m FAIL [22m[49m src/app/survey/__tests__/page.test.tsx[2m > [22mSurveyListPage[2m > [22mrenders survey li
st page structure
[31m[1mError[22m: [vitest] No "Home" export is defined on the "lucide-react" mock. Did you forget to return it from 
"vi.mock"?
If you need to partially mock a module, you can use "importOriginal" helper inside:
[39m
vi.mock(import("lucide-react"), async (importOriginal) => {
  const actual = await importOriginal()
  return {
    ...actual,
    // your mocked methods
  }
})

[36m [2m❯[22m PageHeader src/app/components/layout/page-header.tsx:[2m27:14[22m[39m
    [90m 25|[39m         <nav className="flex items-center text-[10px] md:text-[11px] f…
    [90m 26|[39m           <Link href="/" className="hover:text-primary transition-colo…
    [90m 27|[39m             <Home size={12} className="group-hover:scale-110 transitio…
    [90m   |[39m              [31m^[39m
    [90m 28|[39m             [33m<[39m[33mspan[39m[33m>[39mHOME[33m<[39m[33m/[39m[33mspan[39m[33m>[39m
    [90m 29|[39m           [33m<[39m[33m/[39m[33mLink[39m[33m>[39m
[90m [2m❯[22m Object.react-stack-bottom-frame node_modules/react-dom/cjs/react-dom-client.development.js:[2m22428:2
0[22m[39m
[90m [2m❯[22m renderWithHooks node_modules/react-dom/cjs/react-dom-client.development.js:[2m5757:22[22m[39m
[90m [2m❯[22m updateFunctionComponent node_modules/react-dom/cjs/react-dom-client.development.js:[2m8018:19[22m[3
9m
[90m [2m❯[22m beginWork node_modules/react-dom/cjs/react-dom-client.development.js:[2m9683:18[22m[39m
[90m [2m❯[22m runWithFiberInDEV node_modules/react-dom/cjs/react-dom-client.development.js:[2m543:16[22m[39m
[90m [2m❯[22m performUnitOfWork node_modules/react-dom/cjs/react-dom-client.development.js:[2m15052:22[22m[39m
[90m [2m❯[22m workLoopSync node_modules/react-dom/cjs/react-dom-client.development.js:[2m14870:41[22m[39m

[31m[2m⎯⎯⎯⎯⎯⎯⎯⎯⎯⎯⎯⎯⎯⎯⎯⎯⎯⎯⎯⎯⎯⎯[10/33]⎯[22m[39m

[41m[1m FAIL [22m[49m src/components/ui/__tests__/button.test.tsx[2m > [22mButton[2m > [22mshows loading state
[31m[1mError[22m: [vitest] No "Loader2" export is defined on the "lucide-react" mock. Did you forget to return it fr
om "vi.mock"?
If you need to partially mock a module, you can use "importOriginal" helper inside:
[39m
vi.mock(import("lucide-react"), async (importOriginal) => {
  const actual = await importOriginal()
  return {
    ...actual,
    // your mocked methods
  }
})

[36m [2m❯[22m Button src/components/ui/button.tsx:[2m66:16[22m[39m
    [90m 64|[39m  ) [33m:[39m (
    [90m 65|[39m  [33m<[39m[33mspan[39m [33mclassName[39m[33m=[39m[32m"flex items-center gap-2"[39m[33m>[
39m
    [90m 66|[39m  [33m{[39misLoading [33m?[39m [33m<[39m[33mLoader2[39m [33mclassName[39m[33m=[39m[32m"a
nimate-spin"[39m [33m/[39m[33m>[39m [33m:[39m [35mnull[39m[33m}[39m
    [90m   |[39m                [31m^[39m
    [90m 67|[39m  [33m{[39mchildren[33m}[39m
    [90m 68|[39m  [33m<[39m[33m/[39m[33mspan[39m[33m>[39m
[90m [2m❯[22m Object.react-stack-bottom-frame node_modules/react-dom/cjs/react-dom-client.development.js:[2m22428:2
0[22m[39m
[90m [2m❯[22m renderWithHooks node_modules/react-dom/cjs/react-dom-client.development.js:[2m5757:22[22m[39m
[90m [2m❯[22m updateForwardRef node_modules/react-dom/cjs/react-dom-client.development.js:[2m7762:19[22m[39m
[90m [2m❯[22m beginWork node_modules/react-dom/cjs/react-dom-client.development.js:[2m10014:18[22m[39m
[90m [2m❯[22m runWithFiberInDEV node_modules/react-dom/cjs/react-dom-client.development.js:[2m543:16[22m[39m
[90m [2m❯[22m performUnitOfWork node_modules/react-dom/cjs/react-dom-client.development.js:[2m15052:22[22m[39m
[90m [2m❯[22m workLoopSync node_modules/react-dom/cjs/react-dom-client.development.js:[2m14870:41[22m[39m

[31m[2m⎯⎯⎯⎯⎯⎯⎯⎯⎯⎯⎯⎯⎯⎯⎯⎯⎯⎯⎯⎯⎯⎯[11/33]⎯[22m[39m

[41m[1m FAIL [22m[49m src/components/ui/__tests__/CommonUI.test.tsx[2m > [22mCommon UI Components Extended[2m > 
[22mCheckbox[2m > [22mCheckbox renders and handles state
[41m[1m FAIL [22m[49m src/components/ui/__tests__/CommonUI.test.tsx[2m > [22mCommon UI Components Extended[2m > 
[22mCheckbox[2m > [22mCheckbox can be disabled
[31m[1mError[22m: [vitest] No "CheckIcon" export is defined on the "lucide-react" mock. Did you forget to return it 
from "vi.mock"?
If you need to partially mock a module, you can use "importOriginal" helper inside:
[39m
vi.mock(import("lucide-react"), async (importOriginal) => {
  const actual = await importOriginal()
  return {
    ...actual,
    // your mocked methods
  }
})

[36m [2m❯[22m Checkbox src/components/ui/checkbox.tsx:[2m26:3[22m[39m
    [90m 24|[39m  [33mclassName[39m[33m=[39m[32m"grid place-content-center text-current transition-none"[39m
    [90m 25|[39m  [33m>[39m
    [90m 26|[39m  [33m<[39m[33mCheckIcon[39m [33mclassName[39m[33m=[39m[32m"size-3.5"[39m [33m/[39m[33m>
[39m
    [90m   |[39m   [31m^[39m
    [90m 27|[39m  [33m<[39m[33m/[39m[33mCheckboxPrimitive[39m[33m.[39m[33mIndicator[39m[33m>[39m
    [90m 28|[39m  [33m<[39m[33m/[39m[33mCheckboxPrimitive[39m[33m.[39m[33mRoot[39m[33m>[39m
[90m [2m❯[22m Object.react-stack-bottom-frame node_modules/react-dom/cjs/react-dom-client.development.js:[2m22428:2
0[22m[39m
[90m [2m❯[22m renderWithHooks node_modules/react-dom/cjs/react-dom-client.development.js:[2m5757:22[22m[39m
[90m [2m❯[22m updateFunctionComponent node_modules/react-dom/cjs/react-dom-client.development.js:[2m8018:19[22m[3
9m
[90m [2m❯[22m beginWork node_modules/react-dom/cjs/react-dom-client.development.js:[2m9683:18[22m[39m
[90m [2m❯[22m runWithFiberInDEV node_modules/react-dom/cjs/react-dom-client.development.js:[2m543:16[22m[39m
[90m [2m❯[22m performUnitOfWork node_modules/react-dom/cjs/react-dom-client.development.js:[2m15052:22[22m[39m
[90m [2m❯[22m workLoopSync node_modules/react-dom/cjs/react-dom-client.development.js:[2m14870:41[22m[39m

[31m[2m⎯⎯⎯⎯⎯⎯⎯⎯⎯⎯⎯⎯⎯⎯⎯⎯⎯⎯⎯⎯⎯⎯[12/33]⎯[22m[39m

[41m[1m FAIL [22m[49m src/components/ui/__tests__/select.test.tsx[2m > [22mSelect Component[2m > [22mrenders an
d allows selection
[31m[1mError[22m: [vitest] No "ChevronDownIcon" export is defined on the "lucide-react" mock. Did you forget to retu
rn it from "vi.mock"?
If you need to partially mock a module, you can use "importOriginal" helper inside:
[39m
vi.mock(import("lucide-react"), async (importOriginal) => {
  const actual = await importOriginal()
  return {
    ...actual,
    // your mocked methods
  }
})

[36m [2m❯[22m SelectTrigger src/components/ui/select.tsx:[2m47:3[22m[39m
    [90m 45|[39m  [33m{[39mchildren[33m}[39m
    [90m 46|[39m  [33m<[39m[33mSelectPrimitive[39m[33m.[39m[33mIcon[39m [33masChild[39m[33m>[39m
    [90m 47|[39m  [33m<[39m[33mChevronDownIcon[39m [33mclassName[39m[33m=[39m[32m"size-4 opacity-50"[39m [
33m/[39m[33m>[39m
    [90m   |[39m   [31m^[39m
    [90m 48|[39m  [33m<[39m[33m/[39m[33mSelectPrimitive[39m[33m.[39m[33mIcon[39m[33m>[39m
    [90m 49|[39m  [33m<[39m[33m/[39m[33mSelectPrimitive[39m[33m.[39m[33mTrigger[39m[33m>[39m
[90m [2m❯[22m Object.react-stack-bottom-frame node_modules/react-dom/cjs/react-dom-client.development.js:[2m22428:2
0[22m[39m
[90m [2m❯[22m renderWithHooks node_modules/react-dom/cjs/react-dom-client.development.js:[2m5757:22[22m[39m
[90m [2m❯[22m updateFunctionComponent node_modules/react-dom/cjs/react-dom-client.development.js:[2m8018:19[22m[3
9m
[90m [2m❯[22m beginWork node_modules/react-dom/cjs/react-dom-client.development.js:[2m9683:18[22m[39m
[90m [2m❯[22m runWithFiberInDEV node_modules/react-dom/cjs/react-dom-client.development.js:[2m543:16[22m[39m
[90m [2m❯[22m performUnitOfWork node_modules/react-dom/cjs/react-dom-client.development.js:[2m15052:22[22m[39m
[90m [2m❯[22m workLoopSync node_modules/react-dom/cjs/react-dom-client.development.js:[2m14870:41[22m[39m

[31m[2m⎯⎯⎯⎯⎯⎯⎯⎯⎯⎯⎯⎯⎯⎯⎯⎯⎯⎯⎯⎯⎯⎯[13/33]⎯[22m[39m

[41m[1m FAIL [22m[49m src/components/ui/__tests__/tabs.test.tsx[2m > [22mTabs Component[2m > [22mrenders tabs s
tructure correctly
[31m[1mTestingLibraryElementError[22m: Unable to find an element with the text: 님1. This could be because the text i
s broken up by multiple elements. In this case, you can provide a function for your text matcher to make your matcher m
ore flexible.

Ignored nodes: comments, script, style
[36m<body>[31m
  [36m<div>[31m
    [0m님1[0m
    [0m肄섑뀗痢1[0m
  [36m</div>[31m
[36m</body>[31m[39m
[90m [2m❯[22m Object.getElementError node_modules/@testing-library/dom/dist/config.js:[2m37:19[22m[39m
[90m [2m❯[22m node_modules/@testing-library/dom/dist/query-helpers.js:[2m76:38[22m[39m
[90m [2m❯[22m node_modules/@testing-library/dom/dist/query-helpers.js:[2m52:17[22m[39m
[90m [2m❯[22m node_modules/@testing-library/dom/dist/query-helpers.js:[2m95:19[22m[39m
[36m [2m❯[22m src/components/ui/__tests__/tabs.test.tsx:[2m24:16[22m[39m
    [90m 22|[39m  )[33m;[39m
    [90m 23|[39m
    [90m 24|[39m  [34mexpect[39m(screen[33m.[39m[34mgetByText[39m([32m'님1'[39m))[33m.[39m[34mtoBeInTheDocu
ment[39m()[33m;[39m
    [90m   |[39m                [31m^[39m
    [90m 25|[39m  [34mexpect[39m(screen[33m.[39m[34mgetByText[39m([32m'肄섑뀗痢1'[39m))[33m.[39m[34mtoBeInTheD
ocument[39m()[33m;[39m
    [90m 26|[39m  })[33m;[39m

[31m[2m⎯⎯⎯⎯⎯⎯⎯⎯⎯⎯⎯⎯⎯⎯⎯⎯⎯⎯⎯⎯⎯⎯[14/33]⎯[22m[39m

[41m[1m FAIL [22m[49m src/app/components/ui/__tests__/standard-modal.test.tsx[2m > [22mStandardModal[2m > [22mr
enders standard modal structure (basic)
[31m[1mError[22m: [vitest] No "X" export is defined on the "lucide-react" mock. Did you forget to return it from "vi
.mock"?
If you need to partially mock a module, you can use "importOriginal" helper inside:
[39m
vi.mock(import("lucide-react"), async (importOriginal) => {
  const actual = await importOriginal()
  return {
    ...actual,
    // your mocked methods
  }
})

[36m [2m❯[22m StandardModal src/app/components/ui/standard-modal.tsx:[2m71:14[22m[39m
    [90m 69|[39m             className="rounded-full h-9 w-9 text-muted-foreground hove…
    [90m 70|[39m           [33m>[39m
    [90m 71|[39m             [33m<[39m[33mX[39m [33msize[39m[33m=[39m[33m{[39m[34m18[39m[33m}[39m [33m
/[39m[33m>[39m
    [90m   |[39m              [31m^[39m
    [90m 72|[39m           [33m<[39m[33m/[39m[33mButton[39m[33m>[39m
    [90m 73|[39m         [33m<[39m[33m/[39m[33mdiv[39m[33m>[39m
[90m [2m❯[22m Object.react-stack-bottom-frame node_modules/react-dom/cjs/react-dom-client.development.js:[2m22428:2
0[22m[39m
[90m [2m❯[22m renderWithHooks node_modules/react-dom/cjs/react-dom-client.development.js:[2m5757:22[22m[39m
[90m [2m❯[22m updateFunctionComponent node_modules/react-dom/cjs/react-dom-client.development.js:[2m8018:19[22m[3
9m
[90m [2m❯[22m beginWork node_modules/react-dom/cjs/react-dom-client.development.js:[2m9683:18[22m[39m
[90m [2m❯[22m runWithFiberInDEV node_modules/react-dom/cjs/react-dom-client.development.js:[2m543:16[22m[39m
[90m [2m❯[22m performUnitOfWork node_modules/react-dom/cjs/react-dom-client.development.js:[2m15052:22[22m[39m
[90m [2m❯[22m workLoopSync node_modules/react-dom/cjs/react-dom-client.development.js:[2m14870:41[22m[39m

[31m[2m⎯⎯⎯⎯⎯⎯⎯⎯⎯⎯⎯⎯⎯⎯⎯⎯⎯⎯⎯⎯⎯⎯[15/33]⎯[22m[39m

[41m[1m FAIL [22m[49m src/app/components/ui/__tests__/standard-search-filter.test.tsx[2m > [22mStandardSearchFilt
er[2m > [22mrenders filter labels and placeholders
[41m[1m FAIL [22m[49m src/app/components/ui/__tests__/standard-search-filter.test.tsx[2m > [22mStandardSearchFilt
er[2m > [22mcalls onSearch with collected values
[41m[1m FAIL [22m[49m src/app/components/ui/__tests__/standard-search-filter.test.tsx[2m > [22mStandardSearchFilt
er[2m > [22mresets values when reset button is clicked
[31m[1mError[22m: [vitest] No "SlidersHorizontal" export is defined on the "lucide-react" mock. Did you forget to re
turn it from "vi.mock"?
If you need to partially mock a module, you can use "importOriginal" helper inside:
[39m
vi.mock(import("lucide-react"), async (importOriginal) => {
  const actual = await importOriginal()
  return {
    ...actual,
    // your mocked methods
  }
})

[36m [2m❯[22m SmartSearchPanel src/app/components/ui/standard-search-filter.tsx:[2m57:16[22m[39m

[90m [2m❯[22m Object.react-stack-bottom-frame node_modules/react-dom/cjs/react-dom-client.development.js:[2m22428:2
0[22m[39m
[90m [2m❯[22m renderWithHooks node_modules/react-dom/cjs/react-dom-client.development.js:[2m5757:22[22m[39m
[90m [2m❯[22m updateFunctionComponent node_modules/react-dom/cjs/react-dom-client.development.js:[2m8018:19[22m[3
9m
[90m [2m❯[22m beginWork node_modules/react-dom/cjs/react-dom-client.development.js:[2m9683:18[22m[39m
[90m [2m❯[22m runWithFiberInDEV node_modules/react-dom/cjs/react-dom-client.development.js:[2m543:16[22m[39m
[90m [2m❯[22m performUnitOfWork node_modules/react-dom/cjs/react-dom-client.development.js:[2m15052:22[22m[39m
[90m [2m❯[22m workLoopSync node_modules/react-dom/cjs/react-dom-client.development.js:[2m14870:41[22m[39m

[31m[2m⎯⎯⎯⎯⎯⎯⎯⎯⎯⎯⎯⎯⎯⎯⎯⎯⎯⎯⎯⎯⎯⎯[16/33]⎯[22m[39m

[41m[1m FAIL [22m[49m src/components/features/comment/__tests__/CommentSection.test.tsx[2m > [22mCommentSection C
omponent[2m > [22mrenders comments correctly
[31m[1mTestingLibraryElementError[22m[39m: Unable to find an element with the text: First Comment. This could be be
cause the text is broken up by multiple elements. In this case, you can provide a function for your text matcher to mak
e your matcher more flexible.

Ignored nodes: comments, script, style
[36m<body>[39m
  [36m<div>[39m
    [36m<div[39m
      [33mclass[39m=[32m"space-y-10 pt-16 animate-in fade-in slide-in-from-bottom-4 duration-1000"[39m
    [36m>[39m
      [36m<div[39m
        [33mclass[39m=[32m"flex items-center justify-between border-b pb-6"[39m
      [36m>[39m
        [36m<div[39m
          [33mclass[39m=[32m"flex items-center gap-3"[39m
        [36m>[39m
          [36m<div[39m
            [33mclass[39m=[32m"w-12 h-12 rounded-[0.1rem] bg-slate-900 flex items-center justify-center shadow-xl sh
adow-slate-200"[39m
          [36m>[39m
            [36m<div[39m
              [33mdata-testid[39m=[32m"icon-message-square"[39m
            [36m/>[39m
          [36m</div>[39m
          [36m<div>[39m
            [36m<h3[39m
              [33mclass[39m=[32m"text-2xl font-black text-slate-900 tracking-tight"[39m
            [36m>[39m
              [0m댓글[0m
            [36m</h3>[39m
            [36m<p[39m
              [33mclass[39m=[32m"text-sm font-bold text-slate-400 tracking-tight"[39m
            [36m>[39m
              [0m0[0m
              [0m 개의 생각[0m
            [36m</p>[39m
          [36m</div>[39m
        [36m</div>[39m
      [36m</div>[39m
      [36m<div[39m
        [33mclass[39m=[32m"space-y-6"[39m
      [36m>[39m
        [36m<div[39m
          [33mclass[39m=[32m"py-20 text-center border-2 border-dashed border-slate-100 rounded-[0.1rem] bg-slate-50/
50"[39m
        [36m>[39m
          [36m<p[39m
            [33mclass[39m=[32m"text-slate-400 font-bold tracking-tight"[39m
          [36m>[39m
            [0m아직 등록된 댓글이 없습니다. 첫 번째 댓글을 남겨보세요![0m
          [36m</p>[39m
        [36m</div>[39m
      [36m</div>[39m
      [36m<form[39m
        [33mclass[39m=[32m"relative group pt-10"[39m
      [36m>[39m
        [36m<div[39m
          [33mclass[39m=[32m"absolute -inset-1 bg-gradient-to-r from-slate-200 to-slate-100 rounded-[0.1rem] blur op
acity-25 group-hover:opacity-50 transition duration-1000 group-hover:duration-200"[39m
        [36m/>[39m
        [36m<div[39m
          [33mclass[39m=[32m"text-card-foreground flex flex-col gap-6 border py-6 relative border-none shadow-2xl ro
unded-[0.1rem] bg-white ring-1 ring-slate-100 overflow-hidden"[39m
          [33mdata-slot[39m=[32m"card"[39m
        [36m>[39m
          [36m<div[39m
            [33mclass[39m=[32m"p-8 space-y-4"[39m
            [33mdata-slot[39m=[32m"card-content"[39m
          [36m>[39m
            [36m<div[39m
              [33mclass[39m=[32m"flex items-center gap-2 mb-2"[39m
            [36m>[39m
              [36m<span[39m
                [33mclass[39m=[32m"inline-flex items-center justify-center border border-transparent text-sm w-fit w
hitespace-nowrap shrink-0 [&>svg]:size-3 gap-1 [&>svg]:pointer-events-none focus-visible:border-ring focus-visible:ring
-ring/50 focus-visible:ring-[3px] aria-invalid:ring-destructive/20 dark:aria-invalid:ring-destructive/40 aria-invalid:b
order-destructive transition-[color,box-shadow] overflow-hidden [a&]:hover:bg-secondary/90 px-3 py-1 rounded-lg bg-slat
e-900 text-white font-black hover:bg-slate-900"[39m
                [33mdata-slot[39m=[32m"badge"[39m
                [33mdata-variant[39m=[32m"secondary"[39m
              [36m>[39m
                [0m댓글[0m
              [36m</span>[39m
            [36m</div>[39m
            [36m<textarea[39m
              [33mclass[39m=[32m"border-input focus-visible:ring-ring flex w-full rounded-md border shadow-xs focus-
visible:outline-none disabled:cursor-not-allowed disabled:opacity-50 md:text-sm min-h-[150px] border-none focus-visible
:ring-0 text-lg font-medium text-slate-700 resize-none p-0 bg-transparent placeholder:text-slate-300"[39m
              [33mdata-slot[39m=[32m"textarea"[39m
              [33mplaceholder[39m=[32m"메시지를 입력하세요..."[39m
            [36m/>[39m
            [36m<div[39m
              [33mclass[39m=[32m"flex justify-end border-t pt-6"[39m
            [36m>[39m
              [36m<button[39m
                [33mclass[39m=[32m"items-center justify-center whitespace-nowrap text-sm disabled:pointer-events-non
e disabled:opacity-50 [&_svg]:pointer-events-none [&_svg:not([class*='size-'])]:size-4 shrink-0 [&_svg]:shrink-0 outlin
e-none focus-visible:ring-2 focus-visible:ring-ring focus-visible:ring-offset-2 aria-invalid:ring-destructive/20 dark:a
ria-invalid:ring-destructive/40 aria-invalid:border-destructive py-2 has-[>svg]:px-3 h-14 px-8 rounded-[0.1rem] bg-slat
e-900 hover:bg-black text-white font-black shadow-xl shadow-slate-200 flex gap-2 active:scale-95 transition-all"[39m
                [33mdata-slot[39m=[32m"button"[39m
                [33mdisabled[39m=[32m""[39m
                [33mtype[39m=[32m"submit"[39m
              [36m>[39m
                [36m<span[39m
                  [33mclass[39m=[32m"flex items-center gap-2"[39m
                [36m>[39m
                  [36m<div[39m
                    [33mdata-testid[39m=[32m"icon-send"[39m
                  [36m/>[39m
                  [0m 게시하기[0m
                [36m</span>[39m
              [36m</button>[39m
            [36m</div>[39m
          [36m</div>[39m
        [36m</div>[39m
      [36m</form>[39m
    [36m</div>[39m
  [36m</div>[39m
[36m</body>[39m
[90m [2m❯[22m Object.getElementError node_modules/@testing-library/dom/dist/config.js:[2m37:19[22m[39m
[90m [2m❯[22m node_modules/@testing-library/dom/dist/query-helpers.js:[2m76:38[22m[39m
[90m [2m❯[22m node_modules/@testing-library/dom/dist/query-helpers.js:[2m52:17[22m[39m
[90m [2m❯[22m node_modules/@testing-library/dom/dist/query-helpers.js:[2m95:19[22m[39m
[36m [2m❯[22m src/components/features/comment/__tests__/CommentSection.test.tsx:[2m66:19[22m[39m
    [90m 64|[39m     }[33m,[39m { timeout[33m:[39m [34m3000[39m })[33m;[39m
    [90m 65|[39m
    [90m 66|[39m     [34mexpect[39m(screen[33m.[39m[34mgetByText[39m([32m'First Comment'[39m))[33m.[39m[34
mtoBeDefined[39m()[33m;[39m
    [90m   |[39m                   [31m^[39m
    [90m 67|[39m     [34mexpect[39m(screen[33m.[39m[34mgetByText[39m([32m'User One'[39m))[33m.[39m[34mtoBe
Defined[39m()[33m;[39m
    [90m 68|[39m   })[33m;[39m

[31m[2m⎯⎯⎯⎯⎯⎯⎯⎯⎯⎯⎯⎯⎯⎯⎯⎯⎯⎯⎯⎯⎯⎯[17/33]⎯[22m[39m

[41m[1m FAIL [22m[49m src/components/features/comment/__tests__/CommentSection.test.tsx[2m > [22mCommentSection C
omponent[2m > [22mhandles comment update
[31m[1mTestingLibraryElementError[22m[39m: Unable to find an element with the text: First Comment. This could be be
cause the text is broken up by multiple elements. In this case, you can provide a function for your text matcher to mak
e your matcher more flexible.

Ignored nodes: comments, script, style
[36m<body>[39m
  [36m<div>[39m
    [36m<div[39m
      [33mclass[39m=[32m"space-y-10 pt-16 animate-in fade-in slide-in-from-bottom-4 duration-1000"[39m
    [36m>[39m
      [36m<div[39m
        [33mclass[39m=[32m"flex items-center justify-between border-b pb-6"[39m
      [36m>[39m
        [36m<div[39m
          [33mclass[39m=[32m"flex items-center gap-3"[39m
        [36m>[39m
          [36m<div[39m
            [33mclass[39m=[32m"w-12 h-12 rounded-[0.1rem] bg-slate-900 flex items-center justify-center shadow-xl sh
adow-slate-200"[39m
          [36m>[39m
            [36m<div[39m
              [33mdata-testid[39m=[32m"icon-message-square"[39m
            [36m/>[39m
          [36m</div>[39m
          [36m<div>[39m
            [36m<h3[39m
              [33mclass[39m=[32m"text-2xl font-black text-slate-900 tracking-tight"[39m
            [36m>[39m
              [0m댓글[0m
            [36m</h3>[39m
            [36m<p[39m
              [33mclass[39m=[32m"text-sm font-bold text-slate-400 tracking-tight"[39m
            [36m>[39m
              [0m0[0m
              [0m 개의 생각[0m
            [36m</p>[39m
          [36m</div>[39m
        [36m</div>[39m
      [36m</div>[39m
      [36m<div[39m
        [33mclass[39m=[32m"space-y-6"[39m
      [36m>[39m
        [36m<div[39m
          [33mclass[39m=[32m"py-20 text-center border-2 border-dashed border-slate-100 rounded-[0.1rem] bg-slate-50/
50"[39m
        [36m>[39m
          [36m<p[39m
            [33mclass[39m=[32m"text-slate-400 font-bold tracking-tight"[39m
          [36m>[39m
            [0m아직 등록된 댓글이 없습니다. 첫 번째 댓글을 남겨보세요![0m
          [36m</p>[39m
        [36m</div>[39m
      [36m</div>[39m
      [36m<form[39m
        [33mclass[39m=[32m"relative group pt-10"[39m
      [36m>[39m
        [36m<div[39m
          [33mclass[39m=[32m"absolute -inset-1 bg-gradient-to-r from-slate-200 to-slate-100 rounded-[0.1rem] blur op
acity-25 group-hover:opacity-50 transition duration-1000 group-hover:duration-200"[39m
        [36m/>[39m
        [36m<div[39m
          [33mclass[39m=[32m"text-card-foreground flex flex-col gap-6 border py-6 relative border-none shadow-2xl ro
unded-[0.1rem] bg-white ring-1 ring-slate-100 overflow-hidden"[39m
          [33mdata-slot[39m=[32m"card"[39m
        [36m>[39m
          [36m<div[39m
            [33mclass[39m=[32m"p-8 space-y-4"[39m
            [33mdata-slot[39m=[32m"card-content"[39m
          [36m>[39m
            [36m<div[39m
              [33mclass[39m=[32m"flex items-center gap-2 mb-2"[39m
            [36m>[39m
              [36m<span[39m
                [33mclass[39m=[32m"inline-flex items-center justify-center border border-transparent text-sm w-fit w
hitespace-nowrap shrink-0 [&>svg]:size-3 gap-1 [&>svg]:pointer-events-none focus-visible:border-ring focus-visible:ring
-ring/50 focus-visible:ring-[3px] aria-invalid:ring-destructive/20 dark:aria-invalid:ring-destructive/40 aria-invalid:b
order-destructive transition-[color,box-shadow] overflow-hidden [a&]:hover:bg-secondary/90 px-3 py-1 rounded-lg bg-slat
e-900 text-white font-black hover:bg-slate-900"[39m
                [33mdata-slot[39m=[32m"badge"[39m
                [33mdata-variant[39m=[32m"secondary"[39m
              [36m>[39m
                [0m댓글[0m
              [36m</span>[39m
            [36m</div>[39m
            [36m<textarea[39m
              [33mclass[39m=[32m"border-input focus-visible:ring-ring flex w-full rounded-md border shadow-xs focus-
visible:outline-none disabled:cursor-not-allowed disabled:opacity-50 md:text-sm min-h-[150px] border-none focus-visible
:ring-0 text-lg font-medium text-slate-700 resize-none p-0 bg-transparent placeholder:text-slate-300"[39m
              [33mdata-slot[39m=[32m"textarea"[39m
              [33mplaceholder[39m=[32m"메시지를 입력하세요..."[39m
            [36m/>[39m
            [36m<div[39m
              [33mclass[39m=[32m"flex justify-end border-t pt-6"[39m
            [36m>[39m
              [36m<button[39m
                [33mclass[39m=[32m"items-center justify-center whitespace-nowrap text-sm disabled:pointer-events-non
e disabled:opacity-50 [&_svg]:pointer-events-none [&_svg:not([class*='size-'])]:size-4 shrink-0 [&_svg]:shrink-0 outlin
e-none focus-visible:ring-2 focus-visible:ring-ring focus-visible:ring-offset-2 aria-invalid:ring-destructive/20 dark:a
ria-invalid:ring-destructive/40 aria-invalid:border-destructive py-2 has-[>svg]:px-3 h-14 px-8 rounded-[0.1rem] bg-slat
e-900 hover:bg-black text-white font-black shadow-xl shadow-slate-200 flex gap-2 active:scale-95 transition-all"[39m
                [33mdata-slot[39m=[32m"button"[39m
                [33mdisabled[39m=[32m""[39m
                [33mtype[39m=[32m"submit"[39m
              [36m>[39m
                [36m<span[39m
                  [33mclass[39m=[32m"flex items-center gap-2"[39m
                [36m>[39m
                  [36m<div[39m
                    [33mdata-testid[39m=[32m"icon-send"[39m
                  [36m/>[39m
                  [0m 게시하기[0m
                [36m</span>[39m
              [36m</button>[39m
            [36m</div>[39m
          [36m</div>[39m
        [36m</div>[39m
      [36m</form>[39m
    [36m</div>[39m
  [36m</div>[39m
[36m</body>[39m

Ignored nodes: comments, script, style
[36m<html>[39m
  [36m<head />[39m
  [36m<body>[39m
    [36m<div>[39m
      [36m<div[39m
        [33mclass[39m=[32m"space-y-10 pt-16 animate-in fade-in slide-in-from-bottom-4 duration-1000"[39m
      [36m>[39m
        [36m<div[39m
          [33mclass[39m=[32m"flex items-center justify-between border-b pb-6"[39m
        [36m>[39m
          [36m<div[39m
            [33mclass[39m=[32m"flex items-center gap-3"[39m
          [36m>[39m
            [36m<div[39m
              [33mclass[39m=[32m"w-12 h-12 rounded-[0.1rem] bg-slate-900 flex items-center justify-center shadow-xl 
shadow-slate-200"[39m
            [36m>[39m
              [36m<div[39m
                [33mdata-testid[39m=[32m"icon-message-square"[39m
              [36m/>[39m
            [36m</div>[39m
            [36m<div>[39m
              [36m<h3[39m
                [33mclass[39m=[32m"text-2xl font-black text-slate-900 tracking-tight"[39m
              [36m>[39m
                [0m댓글[0m
              [36m</h3>[39m
              [36m<p[39m
                [33mclass[39m=[32m"text-sm font-bold text-slate-400 tracking-tight"[39m
              [36m>[39m
                [0m0[0m
                [0m 개의 생각[0m
              [36m</p>[39m
            [36m</div>[39m
          [36m</div>[39m
        [36m</div>[39m
        [36m<div[39m
          [33mclass[39m=[32m"space-y-6"[39m
        [36m>[39m
          [36m<div[39m
            [33mclass[39m=[32m"py-20 text-center border-2 border-dashed border-slate-100 rounded-[0.1rem] bg-slate-5
0/50"[39m
          [36m>[39m
            [36m<p[39m
              [33mclass[39m=[32m"text-slate-400 font-bold tracking-tight"[39m
            [36m>[39m
              [0m아직 등록된 댓글이 없습니다. 첫 번째 댓글을 남겨보세요![0m
            [36m</p>[39m
          [36m</div>[39m
        [36m</div>[39m
        [36m<form[39m
          [33mclass[39m=[32m"relative group pt-10"[39m
        [36m>[39m
          [36m<div[39m
            [33mclass[39m=[32m"absolute -inset-1 bg-gradient-to-r from-slate-200 to-slate-100 rounded-[0.1rem] blur 
opacity-25 group-hover:opacity-50 transition duration-1000 group-hover:duration-200"[39m
          [36m/>[39m
          [36m<div[39m
            [33mclass[39m=[32m"text-card-foreground flex flex-col gap-6 border py-6 relative border-none shadow-2xl 
rounded-[0.1rem] bg-white ring-1 ring-slate-100 overflow-hidden"[39m
            [33mdata-slot[39m=[32m"card"[39m
          [36m>[39m
            [36m<div[39m
              [33mclass[39m=[32m"p-8 space-y-4"[39m
              [33mdata-slot[39m=[32m"card-content"[39m
            [36m>[39m
              [36m<div[39m
                [33mclass[39m=[32m"flex items-center gap-2 mb-2"[39m
              [36m>[39m
                [36m<span[39m
                  [33mclass[39m=[32m"inline-flex items-center justify-center border border-transparent text-sm w-fit
 whitespace-nowrap shrink-0 [&>svg]:size-3 gap-1 [&>svg]:pointer-events-none focus-visible:border-ring focus-visible:ri
ng-ring/50 focus-visible:ring-[3px] aria-invalid:ring-destructive/20 dark:aria-invalid:ring-destructive/40 aria-invalid
:border-destructive transition-[color,box-shadow] overflow-hidden [a&]:hover:bg-secondary/90 px-3 py-1 rounded-lg bg-sl
ate-900 text-white font-black hover:bg-slate-900"[39m
                  [33mdata-slot[39m=[32m"badge"[39m
                  [33mdata-variant[39m=[32m"secondary"[39m
                [36m>[39m
                  [0m댓글[0m
                [36m</span>[39m
              [36m</div>[39m
              [36m<textarea[39m
                [33mclass[39m=[32m"border-input focus-visible:ring-ring flex w-full rounded-md border shadow-xs focu
s-visible:outline-none disabled:cursor-not-allowed disabled:opacity-50 md:text-sm min-h-[150px] border-none focus-visib
le:ring-0 text-lg font-medium text-slate-700 resize-none p-0 bg-transparent placeholder:text-slate-300"[39m
                [33mdata-slot[39m=[32m"textarea"[39m
                [33mplaceholder[39m=[32m"메시지를 입력하세요..."[39m
              [36m/>[39m
              [36m<div[39m
                [33mclass[39m=[32m"flex justify-end border-t pt-6"[39m
              [36m>[39m
                [36m<button[39m
                  [33mclass[39m=[32m"items-center justify-center whitespace-nowrap text-sm disabled:pointer-events-n
one disabled:opacity-50 [&_svg]:pointer-events-none [&_svg:not([class*='size-'])]:size-4 shrink-0 [&_svg]:shrink-0 outl
ine-none focus-visible:ring-2 focus-visible:ring-ring focus-visible:ring-offset-2 aria-invalid:ring-destructive/20 dark
:aria-invalid:ring-destructive/40 aria-invalid:border-destructive py-2 has-[>svg]:px-3 h-14 px-8 rounded-[0.1rem] bg-sl
ate-900 hover:bg-black text-white font-black shadow-xl shadow-slate-200 flex gap-2 active:scale-95 transition-all"[39m
                  [33mdata-slot[39m=[32m"button"[39m
                  [33mdisabled[39m=[32m""[39m
                  [33mtype[39m=[32m"submit"[39m
                [36m>[39m
                  [36m<span[39m
                    [33mclass[39m=[32m"flex items-center gap-2"[39m
                  [36m>[39m
                    [36m<div[39m
                      [33mdata-testid[39m=[32m"icon-send"[39m
                    [36m/>[39m
                    [0m 게시하기[0m
                  [36m</span>[39m
                [36m</button>[39m
              [36m</div>[39m
            [36m</div>[39m
          [36m</div>[39m
        [36m</form>[39m
      [36m</div>[39m
    [36m</div>[39m
  [36m</body>[39m
[36m</html>[39m
[90m [2m❯[22m Proxy.waitForWrapper node_modules/@testing-library/dom/dist/wait-for.js:[2m163:27[22m[39m
[36m [2m❯[22m src/components/features/comment/__tests__/CommentSection.test.tsx:[2m117:11[22m[39m
    [90m115|[39m     [34mrender[39m([33m<[39m[33mCommentSection[39m [33mnttId[39m[33m=[39m[33m{[39mmockNt
tId[33m}[39m [33mbbsId[39m[33m=[39m[33m{[39mmockBbsId[33m}[39m [33m/[39m[33m>[39m)[33m;[39m
    [90m116|[39m
    [90m117|[39m     [35mawait[39m [34mwaitFor[39m(() [33m=>[39m {
    [90m   |[39m           [31m^[39m
    [90m118|[39m       [34mexpect[39m(screen[33m.[39m[34mgetByText[39m([32m'First Comment'[39m))[33m.[39m[
34mtoBeDefined[39m()[33m;[39m
    [90m119|[39m     })[33m;[39m

[31m[2m⎯⎯⎯⎯⎯⎯⎯⎯⎯⎯⎯⎯⎯⎯⎯⎯⎯⎯⎯⎯⎯⎯[18/33]⎯[22m[39m

[41m[1m FAIL [22m[49m src/components/features/comment/__tests__/CommentSection.test.tsx[2m > [22mCommentSection C
omponent[2m > [22mhandles comment deletion
[31m[1mTestingLibraryElementError[22m[39m: Unable to find an element with the text: First Comment. This could be be
cause the text is broken up by multiple elements. In this case, you can provide a function for your text matcher to mak
e your matcher more flexible.

Ignored nodes: comments, script, style
[36m<body>[39m
  [36m<div>[39m
    [36m<div[39m
      [33mclass[39m=[32m"space-y-10 pt-16 animate-in fade-in slide-in-from-bottom-4 duration-1000"[39m
    [36m>[39m
      [36m<div[39m
        [33mclass[39m=[32m"flex items-center justify-between border-b pb-6"[39m
      [36m>[39m
        [36m<div[39m
          [33mclass[39m=[32m"flex items-center gap-3"[39m
        [36m>[39m
          [36m<div[39m
            [33mclass[39m=[32m"w-12 h-12 rounded-[0.1rem] bg-slate-900 flex items-center justify-center shadow-xl sh
adow-slate-200"[39m
          [36m>[39m
            [36m<div[39m
              [33mdata-testid[39m=[32m"icon-message-square"[39m
            [36m/>[39m
          [36m</div>[39m
          [36m<div>[39m
            [36m<h3[39m
              [33mclass[39m=[32m"text-2xl font-black text-slate-900 tracking-tight"[39m
            [36m>[39m
              [0m댓글[0m
            [36m</h3>[39m
            [36m<p[39m
              [33mclass[39m=[32m"text-sm font-bold text-slate-400 tracking-tight"[39m
            [36m>[39m
              [0m0[0m
              [0m 개의 생각[0m
            [36m</p>[39m
          [36m</div>[39m
        [36m</div>[39m
      [36m</div>[39m
      [36m<div[39m
        [33mclass[39m=[32m"space-y-6"[39m
      [36m>[39m
        [36m<div[39m
          [33mclass[39m=[32m"py-20 text-center border-2 border-dashed border-slate-100 rounded-[0.1rem] bg-slate-50/
50"[39m
        [36m>[39m
          [36m<p[39m
            [33mclass[39m=[32m"text-slate-400 font-bold tracking-tight"[39m
          [36m>[39m
            [0m아직 등록된 댓글이 없습니다. 첫 번째 댓글을 남겨보세요![0m
          [36m</p>[39m
        [36m</div>[39m
      [36m</div>[39m
      [36m<form[39m
        [33mclass[39m=[32m"relative group pt-10"[39m
      [36m>[39m
        [36m<div[39m
          [33mclass[39m=[32m"absolute -inset-1 bg-gradient-to-r from-slate-200 to-slate-100 rounded-[0.1rem] blur op
acity-25 group-hover:opacity-50 transition duration-1000 group-hover:duration-200"[39m
        [36m/>[39m
        [36m<div[39m
          [33mclass[39m=[32m"text-card-foreground flex flex-col gap-6 border py-6 relative border-none shadow-2xl ro
unded-[0.1rem] bg-white ring-1 ring-slate-100 overflow-hidden"[39m
          [33mdata-slot[39m=[32m"card"[39m
        [36m>[39m
          [36m<div[39m
            [33mclass[39m=[32m"p-8 space-y-4"[39m
            [33mdata-slot[39m=[32m"card-content"[39m
          [36m>[39m
            [36m<div[39m
              [33mclass[39m=[32m"flex items-center gap-2 mb-2"[39m
            [36m>[39m
              [36m<span[39m
                [33mclass[39m=[32m"inline-flex items-center justify-center border border-transparent text-sm w-fit w
hitespace-nowrap shrink-0 [&>svg]:size-3 gap-1 [&>svg]:pointer-events-none focus-visible:border-ring focus-visible:ring
-ring/50 focus-visible:ring-[3px] aria-invalid:ring-destructive/20 dark:aria-invalid:ring-destructive/40 aria-invalid:b
order-destructive transition-[color,box-shadow] overflow-hidden [a&]:hover:bg-secondary/90 px-3 py-1 rounded-lg bg-slat
e-900 text-white font-black hover:bg-slate-900"[39m
                [33mdata-slot[39m=[32m"badge"[39m
                [33mdata-variant[39m=[32m"secondary"[39m
              [36m>[39m
                [0m댓글[0m
              [36m</span>[39m
            [36m</div>[39m
            [36m<textarea[39m
              [33mclass[39m=[32m"border-input focus-visible:ring-ring flex w-full rounded-md border shadow-xs focus-
visible:outline-none disabled:cursor-not-allowed disabled:opacity-50 md:text-sm min-h-[150px] border-none focus-visible
:ring-0 text-lg font-medium text-slate-700 resize-none p-0 bg-transparent placeholder:text-slate-300"[39m
              [33mdata-slot[39m=[32m"textarea"[39m
              [33mplaceholder[39m=[32m"메시지를 입력하세요..."[39m
            [36m/>[39m
            [36m<div[39m
              [33mclass[39m=[32m"flex justify-end border-t pt-6"[39m
            [36m>[39m
              [36m<button[39m
                [33mclass[39m=[32m"items-center justify-center whitespace-nowrap text-sm disabled:pointer-events-non
e disabled:opacity-50 [&_svg]:pointer-events-none [&_svg:not([class*='size-'])]:size-4 shrink-0 [&_svg]:shrink-0 outlin
e-none focus-visible:ring-2 focus-visible:ring-ring focus-visible:ring-offset-2 aria-invalid:ring-destructive/20 dark:a
ria-invalid:ring-destructive/40 aria-invalid:border-destructive py-2 has-[>svg]:px-3 h-14 px-8 rounded-[0.1rem] bg-slat
e-900 hover:bg-black text-white font-black shadow-xl shadow-slate-200 flex gap-2 active:scale-95 transition-all"[39m
                [33mdata-slot[39m=[32m"button"[39m
                [33mdisabled[39m=[32m""[39m
                [33mtype[39m=[32m"submit"[39m
              [36m>[39m
                [36m<span[39m
                  [33mclass[39m=[32m"flex items-center gap-2"[39m
                [36m>[39m
                  [36m<div[39m
                    [33mdata-testid[39m=[32m"icon-send"[39m
                  [36m/>[39m
                  [0m 게시하기[0m
                [36m</span>[39m
              [36m</button>[39m
            [36m</div>[39m
          [36m</div>[39m
        [36m</div>[39m
      [36m</form>[39m
    [36m</div>[39m
  [36m</div>[39m
[36m</body>[39m

Ignored nodes: comments, script, style
[36m<html>[39m
  [36m<head />[39m
  [36m<body>[39m
    [36m<div>[39m
      [36m<div[39m
        [33mclass[39m=[32m"space-y-10 pt-16 animate-in fade-in slide-in-from-bottom-4 duration-1000"[39m
      [36m>[39m
        [36m<div[39m
          [33mclass[39m=[32m"flex items-center justify-between border-b pb-6"[39m
        [36m>[39m
          [36m<div[39m
            [33mclass[39m=[32m"flex items-center gap-3"[39m
          [36m>[39m
            [36m<div[39m
              [33mclass[39m=[32m"w-12 h-12 rounded-[0.1rem] bg-slate-900 flex items-center justify-center shadow-xl 
shadow-slate-200"[39m
            [36m>[39m
              [36m<div[39m
                [33mdata-testid[39m=[32m"icon-message-square"[39m
              [36m/>[39m
            [36m</div>[39m
            [36m<div>[39m
              [36m<h3[39m
                [33mclass[39m=[32m"text-2xl font-black text-slate-900 tracking-tight"[39m
              [36m>[39m
                [0m댓글[0m
              [36m</h3>[39m
              [36m<p[39m
                [33mclass[39m=[32m"text-sm font-bold text-slate-400 tracking-tight"[39m
              [36m>[39m
                [0m0[0m
                [0m 개의 생각[0m
              [36m</p>[39m
            [36m</div>[39m
          [36m</div>[39m
        [36m</div>[39m
        [36m<div[39m
          [33mclass[39m=[32m"space-y-6"[39m
        [36m>[39m
          [36m<div[39m
            [33mclass[39m=[32m"py-20 text-center border-2 border-dashed border-slate-100 rounded-[0.1rem] bg-slate-5
0/50"[39m
          [36m>[39m
            [36m<p[39m
              [33mclass[39m=[32m"text-slate-400 font-bold tracking-tight"[39m
            [36m>[39m
              [0m아직 등록된 댓글이 없습니다. 첫 번째 댓글을 남겨보세요![0m
            [36m</p>[39m
          [36m</div>[39m
        [36m</div>[39m
        [36m<form[39m
          [33mclass[39m=[32m"relative group pt-10"[39m
        [36m>[39m
          [36m<div[39m
            [33mclass[39m=[32m"absolute -inset-1 bg-gradient-to-r from-slate-200 to-slate-100 rounded-[0.1rem] blur 
opacity-25 group-hover:opacity-50 transition duration-1000 group-hover:duration-200"[39m
          [36m/>[39m
          [36m<div[39m
            [33mclass[39m=[32m"text-card-foreground flex flex-col gap-6 border py-6 relative border-none shadow-2xl 
rounded-[0.1rem] bg-white ring-1 ring-slate-100 overflow-hidden"[39m
            [33mdata-slot[39m=[32m"card"[39m
          [36m>[39m
            [36m<div[39m
              [33mclass[39m=[32m"p-8 space-y-4"[39m
              [33mdata-slot[39m=[32m"card-content"[39m
            [36m>[39m
              [36m<div[39m
                [33mclass[39m=[32m"flex items-center gap-2 mb-2"[39m
              [36m>[39m
                [36m<span[39m
                  [33mclass[39m=[32m"inline-flex items-center justify-center border border-transparent text-sm w-fit
 whitespace-nowrap shrink-0 [&>svg]:size-3 gap-1 [&>svg]:pointer-events-none focus-visible:border-ring focus-visible:ri
ng-ring/50 focus-visible:ring-[3px] aria-invalid:ring-destructive/20 dark:aria-invalid:ring-destructive/40 aria-invalid
:border-destructive transition-[color,box-shadow] overflow-hidden [a&]:hover:bg-secondary/90 px-3 py-1 rounded-lg bg-sl
ate-900 text-white font-black hover:bg-slate-900"[39m
                  [33mdata-slot[39m=[32m"badge"[39m
                  [33mdata-variant[39m=[32m"secondary"[39m
                [36m>[39m
                  [0m댓글[0m
                [36m</span>[39m
              [36m</div>[39m
              [36m<textarea[39m
                [33mclass[39m=[32m"border-input focus-visible:ring-ring flex w-full rounded-md border shadow-xs focu
s-visible:outline-none disabled:cursor-not-allowed disabled:opacity-50 md:text-sm min-h-[150px] border-none focus-visib
le:ring-0 text-lg font-medium text-slate-700 resize-none p-0 bg-transparent placeholder:text-slate-300"[39m
                [33mdata-slot[39m=[32m"textarea"[39m
                [33mplaceholder[39m=[32m"메시지를 입력하세요..."[39m
              [36m/>[39m
              [36m<div[39m
                [33mclass[39m=[32m"flex justify-end border-t pt-6"[39m
              [36m>[39m
                [36m<button[39m
                  [33mclass[39m=[32m"items-center justify-center whitespace-nowrap text-sm disabled:pointer-events-n
one disabled:opacity-50 [&_svg]:pointer-events-none [&_svg:not([class*='size-'])]:size-4 shrink-0 [&_svg]:shrink-0 outl
ine-none focus-visible:ring-2 focus-visible:ring-ring focus-visible:ring-offset-2 aria-invalid:ring-destructive/20 dark
:aria-invalid:ring-destructive/40 aria-invalid:border-destructive py-2 has-[>svg]:px-3 h-14 px-8 rounded-[0.1rem] bg-sl
ate-900 hover:bg-black text-white font-black shadow-xl shadow-slate-200 flex gap-2 active:scale-95 transition-all"[39m
                  [33mdata-slot[39m=[32m"button"[39m
                  [33mdisabled[39m=[32m""[39m
                  [33mtype[39m=[32m"submit"[39m
                [36m>[39m
                  [36m<span[39m
                    [33mclass[39m=[32m"flex items-center gap-2"[39m
                  [36m>[39m
                    [36m<div[39m
                      [33mdata-testid[39m=[32m"icon-send"[39m
                    [36m/>[39m
                    [0m 게시하기[0m
                  [36m</span>[39m
                [36m</button>[39m
              [36m</div>[39m
            [36m</div>[39m
          [36m</div>[39m
        [36m</form>[39m
      [36m</div>[39m
    [36m</div>[39m
  [36m</body>[39m
[36m</html>[39m
[90m [2m❯[22m Proxy.waitForWrapper node_modules/@testing-library/dom/dist/wait-for.js:[2m163:27[22m[39m
[36m [2m❯[22m src/components/features/comment/__tests__/CommentSection.test.tsx:[2m150:11[22m[39m
    [90m148|[39m     [34mrender[39m([33m<[39m[33mCommentSection[39m [33mnttId[39m[33m=[39m[33m{[39mmockNt
tId[33m}[39m [33mbbsId[39m[33m=[39m[33m{[39mmockBbsId[33m}[39m [33m/[39m[33m>[39m)[33m;[39m
    [90m149|[39m
    [90m150|[39m     [35mawait[39m [34mwaitFor[39m(() [33m=>[39m {
    [90m   |[39m           [31m^[39m
    [90m151|[39m       [34mexpect[39m(screen[33m.[39m[34mgetByText[39m([32m'First Comment'[39m))[33m.[39m[
34mtoBeDefined[39m()[33m;[39m
    [90m152|[39m     })[33m;[39m

[31m[2m⎯⎯⎯⎯⎯⎯⎯⎯⎯⎯⎯⎯⎯⎯⎯⎯⎯⎯⎯⎯⎯⎯[19/33]⎯[22m[39m

[2m Test Files [22m [1m[31m16 failed[39m[22m[2m | [22m[1m[32m30 passed[39m[22m[90m (46)[39m
[2m      Tests [22m [1m[31m33 failed[39m[22m[2m | [22m[1m[32m116 passed[39m[22m[90m (149)[39m
[2m   Start at [22m 16:58:03
[2m   Duration [22m 40.08s[2m (transform 3.90s, setup 37.07s, import 55.40s, tests 6.02s, environment 291.62s)[22m

[41m[1m FAIL [22m[49m src/app/admin/user/manage/__tests__/UserManageClient.test.tsx[2m > [22mUserManageClient Com
ponent[2m > [22mrenders user list correctly
[41m[1m FAIL [22m[49m src/app/admin/user/manage/__tests__/UserManageClient.test.tsx[2m > [22mUserManageClient Com
ponent[2m > [22mopens create dialog when newUser button is clicked
[41m[1m FAIL [22m[49m src/app/admin/user/manage/__tests__/UserManageClient.test.tsx[2m > [22mUserManageClient Com
ponent[2m > [22mopens edit dialog with user data when settings icon is clicked
[41m[1m FAIL [22m[49m src/app/admin/user/manage/__tests__/UserManageClient.test.tsx[2m > [22mUserManageClient Com
ponent[2m > [22mhandles user deletion after confirmation
[41m[1m FAIL [22m[49m src/app/admin/user/manage/__tests__/UserManageClient.test.tsx[2m > [22mUserManageClient Com
ponent[2m > [22mhandles user creation submission
[31m[1mError[22m: [vitest] No "Users" export is defined on the "lucide-react" mock. Did you forget to return it from
 "vi.mock"?
If you need to partially mock a module, you can use "importOriginal" helper inside:
[39m
vi.mock(import("lucide-react"), async (importOriginal) => {
  const actual = await importOriginal()
  return {
    ...actual,
    // your mocked methods
  }
})

[36m [2m❯[22m UserManageClient src/app/admin/user/manage/UserManageClient.tsx:[2m181:15[22m[39m
    [90m179|[39m         [33mhighlight[39m[33m=[39m[32m"Fabric"[39m
    [90m180|[39m         [33msubtitle[39m[33m=[39m[32m"전사 사용자 계정 자격 증명 및 통합 디렉토리 동기화 프로토콜 제어"[39m
    [90m181|[39m         [33micon[39m[33m=[39m[33m{[39m[33mUsers[39m[33m}[39m
    [90m   |[39m               [31m^[39m
    [90m182|[39m         [33mactions[39m[33m=[39m[33m{[39m
    [90m183|[39m           [33m<[39m[33mdiv[39m [33mclassName[39m[33m=[39m[32m"flex gap-4 p-2 items-center"
[39m[33m>[39m
[90m [2m❯[22m Object.react-stack-bottom-frame node_modules/react-dom/cjs/react-dom-client.development.js:[2m22428:2
0[22m[39m
[90m [2m❯[22m renderWithHooks node_modules/react-dom/cjs/react-dom-client.development.js:[2m5757:22[22m[39m
[90m [2m❯[22m updateFunctionComponent node_modules/react-dom/cjs/react-dom-client.development.js:[2m8018:19[22m[3
9m
[90m [2m❯[22m beginWork node_modules/react-dom/cjs/react-dom-client.development.js:[2m9683:18[22m[39m
[90m [2m❯[22m runWithFiberInDEV node_modules/react-dom/cjs/react-dom-client.development.js:[2m543:16[22m[39m
[90m [2m❯[22m performUnitOfWork node_modules/react-dom/cjs/react-dom-client.development.js:[2m15052:22[22m[39m
[90m [2m❯[22m workLoopSync node_modules/react-dom/cjs/react-dom-client.development.js:[2m14870:41[22m[39m

[31m[2m⎯⎯⎯⎯⎯⎯⎯⎯⎯⎯⎯⎯⎯⎯⎯⎯⎯⎯⎯⎯⎯⎯[20/33]⎯[22m[39m


