To honour the JVM settings for this build a single-use Daemon process will be forked. For more on this, please refer to https://docs.gradle.org/8.12/userguide/gradle_daemon.html#sec:disabling_the_daemon in the Gradle documentation.
Daemon will be stopped at the end of the build 
Configuration on demand is an incubating feature.
> Task :business-suite:generateEffectiveLombokConfig UP-TO-DATE
> Task :api-server:generateEffectiveLombokConfig UP-TO-DATE
> Task :foundation:generateEffectiveLombokConfig UP-TO-DATE
> Task :api-server:processResources UP-TO-DATE
> Task :api-server:generateTestEffectiveLombokConfig UP-TO-DATE
> Task :foundation:compileJava UP-TO-DATE
> Task :business-suite:compileJava UP-TO-DATE
> Task :api-server:compileJava UP-TO-DATE
> Task :api-server:classes UP-TO-DATE

> Task :api-server:compileTestJava FAILED

[Incubating] Problems report is available at: file:///D:/project/egov-enterprise/build/reports/problems/problems-report.html

Deprecated Gradle features were used in this build, making it incompatible with Gradle 9.0.

You can use '--warning-mode all' to show the individual deprecation warnings and determine if they come from your own scripts or plugins.

For more on this, please refer to https://docs.gradle.org/8.12/userguide/command_line_interface.html#sec:command_line_warnings in the Gradle documentation.
9 actionable tasks: 1 executed, 8 up-to-date
