> Task :compileJava NO-SOURCE
> Task :api-server:generateEffectiveLombokConfig UP-TO-DATE
> Task :common-core:generateEffectiveLombokConfig UP-TO-DATE
> Task :common-core:compileJava
> Task :common-security:generateEffectiveLombokConfig UP-TO-DATE
> Task :common-security:compileJava UP-TO-DATE
> Task :module-core-iam:generateEffectiveLombokConfig UP-TO-DATE
> Task :module-core-iam:compileJava UP-TO-DATE
> Task :module-knowledge:generateEffectiveLombokConfig UP-TO-DATE
> Task :module-knowledge:compileJava UP-TO-DATE
> Task :module-operation:generateEffectiveLombokConfig UP-TO-DATE
> Task :module-operation:compileJava UP-TO-DATE
> Task :module-system-admin:generateEffectiveLombokConfig UP-TO-DATE
> Task :module-workspace:generateEffectiveLombokConfig UP-TO-DATE
> Task :module-workspace:compileJava

> Task :module-system-admin:compileJava
.\gradlew.bat : D:\project\egov-enterprise\.worktrees\admin-migration\module-system-admin\s
rc\main\java\com\company\project\service\system\content\community\CommunityServiceImpl.java
:5: error: package com.company.project.domain.community does not exist
위치 줄:1 문자:30
+ ... _domain.py; .\gradlew.bat compileJava --console=plain > compile.log 2 ...
+                 ~~~~~~~~~~~~~~~~~~~~~~~~~~~~~~~~~~~~~~~~~~~~~~~~~~~~~~~~~
    + CategoryInfo          : NotSpecified: (D:\project\egov... does not exist:String) [], 
    RemoteException
    + FullyQualifiedErrorId : NativeCommandError
 
import com.company.project.domain.community.QCommunity;
                                           ^
1 error

> Task :module-system-admin:compileJava FAILED

[Incubating] Problems report is available at: file:///D:/project/egov-enterprise/.worktrees/admin-migration/build/reports/problems/problems-report.html

FAILURE: Build failed with an exception.

* What went wrong:
Execution failed for task ':module-system-admin:compileJava'.
> Compilation failed; see the compiler output below.
  D:\project\egov-enterprise\.worktrees\admin-migration\module-system-admin\src\main\java\c
om\company\project\service\system\content\community\CommunityServiceImpl.java:5: error: pac
kage com.company.project.domain.community does not exist
  import com.company.project.domain.community.QCommunity;
                                             ^
  1 error

* Try:
> Check your code and dependencies to fix the compilation error(s)
> Run with --scan to get full insights.

Deprecated Gradle features were used in this build, making it incompatible with Gradle 9.0.

You can use '--warning-mode all' to show the individual deprecation warnings and determine if they come from your own scripts or plugins.

For more on this, please refer to https://docs.gradle.org/8.12/userguide/command_line_interface.html#sec:command_line_warnings in the Gradle documentation.

BUILD FAILED in 30s
15 actionable tasks: 3 executed, 12 up-to-date
