Configuration on demand is an incubating feature.
> Task :foundation:generateEffectiveLombokConfig UP-TO-DATE
> Task :foundation:compileJava UP-TO-DATE
> Task :foundation:processResources UP-TO-DATE
> Task :foundation:classes UP-TO-DATE
> Task :foundation:generateTestEffectiveLombokConfig UP-TO-DATE
> Task :foundation:compileTestJava FAILED

[Incubating] Problems report is available at: file:///D:/project/egov-enterprise/build/reports/problems/problems-report.html

Deprecated Gradle features were used in this build, making it incompatible with Gradle 10.

You can use '--warning-mode all' to show the individual deprecation warnings and determine if they come from your own scripts or plugins.

For more on this, please refer to https://docs.gradle.org/9.4.1/userguide/command_line_interface.html#sec:command_line_warnings in the Gradle documentation.
5 actionable tasks: 1 executed, 4 up-to-date
