> Task :cleanTest UP-TO-DATE
> Task :api-server:cleanTest UP-TO-DATE
> Task :common-core:cleanTest UP-TO-DATE
> Task :common-security:cleanTest UP-TO-DATE
> Task :module-core-iam:cleanTest UP-TO-DATE
> Task :module-knowledge:cleanTest UP-TO-DATE
> Task :module-operation:cleanTest UP-TO-DATE
> Task :module-system-admin:cleanTest
> Task :module-workspace:cleanTest UP-TO-DATE
> Task :common-core:generateEffectiveLombokConfig UP-TO-DATE
> Task :common-core:compileJava UP-TO-DATE
> Task :common-core:processResources UP-TO-DATE
> Task :common-core:classes UP-TO-DATE
> Task :common-core:jar UP-TO-DATE
> Task :common-security:generateEffectiveLombokConfig UP-TO-DATE
> Task :common-security:compileJava UP-TO-DATE
> Task :common-security:processResources UP-TO-DATE
> Task :common-security:classes UP-TO-DATE
> Task :common-security:jar UP-TO-DATE
> Task :module-core-iam:generateEffectiveLombokConfig UP-TO-DATE
> Task :module-core-iam:compileJava UP-TO-DATE
> Task :module-core-iam:processResources NO-SOURCE
> Task :module-core-iam:classes UP-TO-DATE
> Task :module-core-iam:jar UP-TO-DATE
> Task :module-operation:generateEffectiveLombokConfig UP-TO-DATE
> Task :module-operation:compileJava UP-TO-DATE
> Task :module-operation:processResources NO-SOURCE
> Task :module-operation:classes UP-TO-DATE
> Task :module-operation:jar UP-TO-DATE
> Task :module-system-admin:generateEffectiveLombokConfig UP-TO-DATE
> Task :module-workspace:generateEffectiveLombokConfig UP-TO-DATE
> Task :module-workspace:compileJava UP-TO-DATE
> Task :module-system-admin:compileJava UP-TO-DATE
> Task :module-system-admin:processResources NO-SOURCE
> Task :module-system-admin:classes UP-TO-DATE
> Task :module-system-admin:generateTestEffectiveLombokConfig UP-TO-DATE
> Task :module-system-admin:compileTestJava UP-TO-DATE
> Task :module-system-admin:processTestResources NO-SOURCE
> Task :module-system-admin:testClasses UP-TO-DATE
> Task :module-workspace:processResources NO-SOURCE
> Task :module-workspace:classes UP-TO-DATE
> Task :module-workspace:jar UP-TO-DATE

> Task :module-system-admin:test

UserManageControllerExceptionTest > IllegalArgumentException 발생 시 400 Bad Request 응답 확인 FAILED
    java.lang.AssertionError at UserManageControllerExceptionTest.java:61

UserManageControllerExceptionTest > BusinessException 발생 시 GlobalExceptionHandler가 ApiResponse 규격으로 응답하는지 확인 FAILED
    java.lang.AssertionError at UserManageControllerExceptionTest.java:45
There were failing tests. See the report at: file:///D:/project/egov-enterprise/module-system-admin/build/reports/tests/test/index.html

> Task :module-system-admin:jacocoTestReport

[Incubating] Problems report is available at: file:///D:/project/egov-enterprise/build/reports/problems/problems-report.html

Deprecated Gradle features were used in this build, making it incompatible with Gradle 9.0.

You can use '--warning-mode all' to show the individual deprecation warnings and determine if they come from your own scripts or plugins.

For more on this, please refer to https://docs.gradle.org/8.12/userguide/command_line_interface.html#sec:command_line_warnings in the Gradle documentation.

BUILD SUCCESSFUL in 15s
32 actionable tasks: 3 executed, 29 up-to-date
