16-Dec-2025 13:04:48.885 정보 [main] org.apache.catalina.startup.VersionLoggerListener.log 서버 버전 이름:    Apache Tomcat/10.1.50
16-Dec-2025 13:04:48.896 정보 [main] org.apache.catalina.startup.VersionLoggerListener.log Server 빌드 시각:  Dec 2 2025 22:57:41 UTC
16-Dec-2025 13:04:48.896 정보 [main] org.apache.catalina.startup.VersionLoggerListener.log Server 버전 번호:  10.1.50.0
16-Dec-2025 13:04:48.897 정보 [main] org.apache.catalina.startup.VersionLoggerListener.log 운영체제 이름:     Windows 11
16-Dec-2025 13:04:48.897 정보 [main] org.apache.catalina.startup.VersionLoggerListener.log 운영체제 버전:     10.0
16-Dec-2025 13:04:48.897 정보 [main] org.apache.catalina.startup.VersionLoggerListener.log 아키텍처:          amd64
16-Dec-2025 13:04:48.897 정보 [main] org.apache.catalina.startup.VersionLoggerListener.log 자바 홈:           C:\Program Files\Eclipse Adoptium\jdk-21.0.4.7-hotspot
16-Dec-2025 13:04:48.898 정보 [main] org.apache.catalina.startup.VersionLoggerListener.log JVM 버전:          21.0.4+7-LTS
16-Dec-2025 13:04:48.898 정보 [main] org.apache.catalina.startup.VersionLoggerListener.log JVM 벤더:          Eclipse Adoptium
16-Dec-2025 13:04:48.898 정보 [main] org.apache.catalina.startup.VersionLoggerListener.log CATALINA_BASE:     D:\project\egov-enterprise\apache-tomcat-10.1.50\apache-tomcat-10.1.50
16-Dec-2025 13:04:48.899 정보 [main] org.apache.catalina.startup.VersionLoggerListener.log CATALINA_HOME:     D:\project\egov-enterprise\apache-tomcat-10.1.50\apache-tomcat-10.1.50
16-Dec-2025 13:04:48.931 정보 [main] org.apache.catalina.startup.VersionLoggerListener.log 명령 행 아규먼트:  -Djava.util.logging.config.file=d:\project\egov-enterprise\apache-tomcat-10.1.50\apache-tomcat-10.1.50\conf\logging.properties
16-Dec-2025 13:04:48.931 정보 [main] org.apache.catalina.startup.VersionLoggerListener.log 명령 행 아규먼트:  -Djava.util.logging.manager=org.apache.juli.ClassLoaderLogManager
16-Dec-2025 13:04:48.932 정보 [main] org.apache.catalina.startup.VersionLoggerListener.log 명령 행 아규먼트:  -Djdk.tls.ephemeralDHKeySize=2048
16-Dec-2025 13:04:48.933 정보 [main] org.apache.catalina.startup.VersionLoggerListener.log 명령 행 아규먼트:  -Djava.protocol.handler.pkgs=org.apache.catalina.webresources
16-Dec-2025 13:04:48.933 정보 [main] org.apache.catalina.startup.VersionLoggerListener.log 명령 행 아규먼트:  -Dsun.io.useCanonCaches=false
16-Dec-2025 13:04:48.934 정보 [main] org.apache.catalina.startup.VersionLoggerListener.log 명령 행 아규먼트:  --add-opens=java.base/java.lang=ALL-UNNAMED
16-Dec-2025 13:04:48.934 정보 [main] org.apache.catalina.startup.VersionLoggerListener.log 명령 행 아규먼트:  --add-opens=java.base/java.lang.reflect=ALL-UNNAMED
16-Dec-2025 13:04:48.934 정보 [main] org.apache.catalina.startup.VersionLoggerListener.log 명령 행 아규먼트:  --add-opens=java.base/java.io=ALL-UNNAMED
16-Dec-2025 13:04:48.935 정보 [main] org.apache.catalina.startup.VersionLoggerListener.log 명령 행 아규먼트:  --add-opens=java.base/java.util=ALL-UNNAMED
16-Dec-2025 13:04:48.935 정보 [main] org.apache.catalina.startup.VersionLoggerListener.log 명령 행 아규먼트:  --add-opens=java.base/java.util.concurrent=ALL-UNNAMED
16-Dec-2025 13:04:48.936 정보 [main] org.apache.catalina.startup.VersionLoggerListener.log 명령 행 아규먼트:  --add-opens=java.rmi/sun.rmi.transport=ALL-UNNAMED
16-Dec-2025 13:04:48.936 정보 [main] org.apache.catalina.startup.VersionLoggerListener.log 명령 행 아규먼트:  -Dcatalina.base=d:\project\egov-enterprise\apache-tomcat-10.1.50\apache-tomcat-10.1.50
16-Dec-2025 13:04:48.936 정보 [main] org.apache.catalina.startup.VersionLoggerListener.log 명령 행 아규먼트:  -Dcatalina.home=d:\project\egov-enterprise\apache-tomcat-10.1.50\apache-tomcat-10.1.50
16-Dec-2025 13:04:48.936 정보 [main] org.apache.catalina.startup.VersionLoggerListener.log 명령 행 아규먼트:  -Djava.io.tmpdir=d:\project\egov-enterprise\apache-tomcat-10.1.50\apache-tomcat-10.1.50\temp
16-Dec-2025 13:04:48.954 정보 [main] org.apache.catalina.core.AprLifecycleListener.lifecycleEvent 프로덕션 환경들에서 최적의 성능을 제공하는, APR 기반 Apache Tomcat Native 라이브러리가, 다음 java.library.path에서 발견되지 않습니다: [C:\Program Files\Eclipse Adoptium\jdk-21.0.4.7-hotspot\bin;C:\WINDOWS\Sun\Java\bin;C:\WINDOWS\system32;C:\WINDOWS;C:\Python313\Scripts\;C:\Python313\;C:\Program Files\Microsoft\jdk-11.0.25.9-hotspot\bin;C:\Program Files\Common Files\Oracle\Java\javapath;C:\Program Files (x86)\Common Files\Oracle\Java\java8path;C:\Program Files (x86)\Common Files\Oracle\Java\javapath;C:\Program Files\Eclipse Adoptium\jdk-21.0.4.7-hotspot\bin;C:\WINDOWS\system32;C:\WINDOWS;C:\WINDOWS\System32\Wbem;C:\WINDOWS\System32\WindowsPowerShell\v1.0\;C:\WINDOWS\System32\OpenSSH\;C:\Program Files\Bandizip\;C:\Program Files\dotnet\;%JAVA_HOME%\bin;C:\Program Files\nodejs\;C:\ProgramData\chocolatey\bin;C:\Program Files\Git\cmd;C:\Users\lkind\AppData\Roaming\npm;C:\Users\lkind\AppData\Local\Pandoc;C:\Program Files\Docker\Docker\resources\bin;C:\Program Files\Apache\apache-maven-3.9.11\bin;C:\Program Files\Apache\apache-maven-3.9.11\bin;C:\Python313\Scripts\;C:\Python313\;C:\Program Files\Microsoft\jdk-11.0.25.9-hotspot\bin;C:\Program Files\Common Files\Oracle\Java\javapath;C:\Program Files (x86)\Common Files\Oracle\Java\java8path;C:\Program Files (x86)\Common Files\Oracle\Java\javapath;C:\Program Files\Eclipse Adoptium\jdk-21.0.4.7-hotspot\bin;C:\WINDOWS\system32;C:\WINDOWS;C:\WINDOWS\System32\Wbem;C:\WINDOWS\System32\WindowsPowerShell\v1.0\;C:\WINDOWS\System32\OpenSSH\;C:\Program Files\Bandizip\;C:\Program Files\dotnet\;C:\Program Files\Eclipse Adoptium\jdk-21.0.4.7-hotspot\bin;C:\Program Files\nodejs\;C:\ProgramData\chocolatey\bin;C:\Program Files\Docker\Docker\resources\bin;C:\Program Files\Git\cmd;C:\Users\lkind\AppData\Local\Programs\Python\Launcher\;C:\Users\lkind\AppData\Local\Microsoft\WindowsApps;C:\Users\lkind\AppData\Local\Programs\cursor\resources\app\bin;C:\Users\lkind\AppData\Roaming\npm;C:\Users\lkind\AppData\Local\GitHubDesktop\bin;C:\Users\lkind\AppData\Local\Programs\Microsoft VS Code\bin;C:\Users\lkind\AppData\Local\Microsoft\WinGet\Packages\astral-sh.uv_Microsoft;C:\Users\lkind\AppData\Local\Pandoc\;C:\Users\lkind\AppData\Local\Programs\Antigravity\bin;C:\Program Files\Apache\apache-maven-3.9.11\bin;c:\Users\lkind\.antigravity\extensions\vscjava.vscode-java-debug-0.58.3-universal\bundled\scripts\noConfigScripts;.]
16-Dec-2025 13:04:49.361 정보 [main] org.apache.coyote.AbstractProtocol.init 프로토콜 핸들러 ["http-nio-8080"]을(를) 초기화합니다.
16-Dec-2025 13:04:49.406 정보 [main] org.apache.catalina.startup.Catalina.load [930] 밀리초 내에 서버가 초기화되었습니다.
16-Dec-2025 13:04:49.482 정보 [main] org.apache.catalina.core.StandardService.startInternal 서비스 [Catalina]을(를) 시작합니다.
16-Dec-2025 13:04:49.483 정보 [main] org.apache.catalina.core.StandardEngine.startInternal 서버 엔진을 시작합니다: [Apache Tomcat/10.1.50]
16-Dec-2025 13:04:49.552 정보 [main] org.apache.catalina.startup.HostConfig.deployWAR 웹 애플리케이션 아카이브 [D:\project\egov-enterprise\apache-tomcat-10.1.50\apache-tomcat-10.1.50\webapps\ROOT.war]을(를) 배치합니다.
16-Dec-2025 13:05:05.339 정보 [main] org.apache.jasper.servlet.TldScanner.scanJars 적어도 하나의 JAR가 TLD들을 찾기 위해 스캔되었으나 아무 것도 찾지 못했습니다. 스캔했으나 TLD가 없는 JAR들의 전체 목록을 보시려면, 로그 레벨을 디버그 레벨로 설정하십시오. 스캔 과정에서 불필요한 JAR들을 건너뛰면, 시스템 시작 시간과 JSP 컴파일 시간을 단축시킬 수 있습니다.
16-Dec-2025 13:05:14.159 심각 [main] org.apache.catalina.core.StandardContext.startInternal 하나 이상의 리스너들이 시작하지 못했습니다. 상세 내역은 적절한 컨테이너 로그 파일에서 찾을 수 있습니다.
16-Dec-2025 13:05:14.170 심각 [main] org.apache.catalina.core.StandardContext.startInternal 이전 오류들로 인해 컨텍스트 []의 시작이 실패했습니다.
16-Dec-2025 13:05:14.215 경고 [main] org.apache.catalina.loader.WebappClassLoaderBase.clearReferencesJdbc 웹 애플리케이션 [ROOT]이(가) JDBC 드라이버 [cubrid.jdbc.driver.CUBRIDDriver]을(를) 등록했지만, 웹 애플리케이션이 중지될 때, 해당 JDBC 드라이버의 등록을 제거하지 못했습니다. 메모리 누수를 방지하기 위하여, 등록을 강제로 제거했습니다.
16-Dec-2025 13:05:14.216 경고 [main] org.apache.catalina.loader.WebappClassLoaderBase.clearReferencesThreads 웹 애플리케이션 [ROOT]이(가) [sysLogScheduler_Worker-1](이)라는 이름의 쓰레드를 시작시킨 것으로 보이지만, 해당 쓰레드를 중지시키지 못했습니다. 이는 메모리 누수를 유발할 가능성이 큽니다. 해당 쓰레드의 스택 트레이스:
 java.base/java.lang.Object.wait0(Native Method)
 java.base/java.lang.Object.wait(Object.java:366)
 org.quartz.simpl.SimpleThreadPool$WorkerThread.run(SimpleThreadPool.java:561)
16-Dec-2025 13:05:14.216 경고 [main] org.apache.catalina.loader.WebappClassLoaderBase.clearReferencesThreads 웹 애플리케이션 [ROOT]이(가) [sysLogScheduler_Worker-2](이)라는 이름의 쓰레드를 시작시킨 것으로 보이지만, 해당 쓰레드를 중지시키지 못했습니다. 이는 메모리 누수를 유발할 가능성이 큽니다. 해당 쓰레드의 스택 트레이스:
 java.base/java.lang.Object.wait0(Native Method)
 java.base/java.lang.Object.wait(Object.java:366)
 org.quartz.simpl.SimpleThreadPool$WorkerThread.run(SimpleThreadPool.java:561)
16-Dec-2025 13:05:14.216 경고 [main] org.apache.catalina.loader.WebappClassLoaderBase.clearReferencesThreads 웹 애플리케이션 [ROOT]이(가) [sysLogScheduler_Worker-3](이)라는 이름의 쓰레드를 시작시킨 것으로 보이지만, 해당 쓰레드를 중지시키지 못했습니다. 이는 메모리 누수를 유발할 가능성이 큽니다. 해당 쓰레드의 스택 트레이스:
 java.base/java.lang.Object.wait0(Native Method)
 java.base/java.lang.Object.wait(Object.java:366)
 org.quartz.simpl.SimpleThreadPool$WorkerThread.run(SimpleThreadPool.java:561)
16-Dec-2025 13:05:14.217 경고 [main] org.apache.catalina.loader.WebappClassLoaderBase.clearReferencesThreads 웹 애플리케이션 [ROOT]이(가) [sysLogScheduler_Worker-4](이)라는 이름의 쓰레드를 시작시킨 것으로 보이지만, 해당 쓰레드를 중지시키지 못했습니다. 이는 메모리 누수를 유발할 가능성이 큽니다. 해당 쓰레드의 스택 트레이스:
 java.base/java.lang.Object.wait0(Native Method)
 java.base/java.lang.Object.wait(Object.java:366)
 org.quartz.simpl.SimpleThreadPool$WorkerThread.run(SimpleThreadPool.java:561)
16-Dec-2025 13:05:14.217 경고 [main] org.apache.catalina.loader.WebappClassLoaderBase.clearReferencesThreads 웹 애플리케이션 [ROOT]이(가) [sysLogScheduler_Worker-5](이)라는 이름의 쓰레드를 시작시킨 것으로 보이지만, 해당 쓰레드를 중지시키지 못했습니다. 이는 메모리 누수를 유발할 가능성이 큽니다. 해당 쓰레드의 스택 트레이스:
 java.base/java.lang.Object.wait0(Native Method)
 java.base/java.lang.Object.wait(Object.java:366)
 org.quartz.simpl.SimpleThreadPool$WorkerThread.run(SimpleThreadPool.java:561)
16-Dec-2025 13:05:14.217 경고 [main] org.apache.catalina.loader.WebappClassLoaderBase.clearReferencesThreads 웹 애플리케이션 [ROOT]이(가) [sysLogScheduler_Worker-6](이)라는 이름의 쓰레드를 시작시킨 것으로 보이지만, 해당 쓰레드를 중지시키지 못했습니다. 이는 메모리 누수를 유발할 가능성이 큽니다. 해당 쓰레드의 스택 트레이스:
 java.base/java.lang.Object.wait0(Native Method)
 java.base/java.lang.Object.wait(Object.java:366)
 org.quartz.simpl.SimpleThreadPool$WorkerThread.run(SimpleThreadPool.java:561)
16-Dec-2025 13:05:14.219 경고 [main] org.apache.catalina.loader.WebappClassLoaderBase.clearReferencesThreads 웹 애플리케이션 [ROOT]이(가) [sysLogScheduler_Worker-7](이)라는 이름의 쓰레드를 시작시킨 것으로 보이지만, 해당 쓰레드를 중지시키지 못했습니다. 이는 메모리 누수를 유발할 가능성이 큽니다. 해당 쓰레드의 스택 트레이스:
 java.base/java.lang.Object.wait0(Native Method)
 java.base/java.lang.Object.wait(Object.java:366)
 org.quartz.simpl.SimpleThreadPool$WorkerThread.run(SimpleThreadPool.java:561)
16-Dec-2025 13:05:14.220 경고 [main] org.apache.catalina.loader.WebappClassLoaderBase.clearReferencesThreads 웹 애플리케이션 [ROOT]이(가) [sysLogScheduler_Worker-8](이)라는 이름의 쓰레드를 시작시킨 것으로 보이지만, 해당 쓰레드를 중지시키지 못했습니다. 이는 메모리 누수를 유발할 가능성이 큽니다. 해당 쓰레드의 스택 트레이스:
 java.base/java.lang.Object.wait0(Native Method)
 java.base/java.lang.Object.wait(Object.java:366)
 org.quartz.simpl.SimpleThreadPool$WorkerThread.run(SimpleThreadPool.java:561)
16-Dec-2025 13:05:14.221 경고 [main] org.apache.catalina.loader.WebappClassLoaderBase.clearReferencesThreads 웹 애플리케이션 [ROOT]이(가) [sysLogScheduler_Worker-9](이)라는 이름의 쓰레드를 시작시킨 것으로 보이지만, 해당 쓰레드를 중지시키지 못했습니다. 이는 메모리 누수를 유발할 가능성이 큽니다. 해당 쓰레드의 스택 트레이스:
 java.base/java.lang.Object.wait0(Native Method)
 java.base/java.lang.Object.wait(Object.java:366)
 org.quartz.simpl.SimpleThreadPool$WorkerThread.run(SimpleThreadPool.java:561)
16-Dec-2025 13:05:14.221 경고 [main] org.apache.catalina.loader.WebappClassLoaderBase.clearReferencesThreads 웹 애플리케이션 [ROOT]이(가) [sysLogScheduler_Worker-10](이)라는 이름의 쓰레드를 시작시킨 것으로 보이지만, 해당 쓰레드를 중지시키지 못했습니다. 이는 메모리 누수를 유발할 가능성이 큽니다. 해당 쓰레드의 스택 트레이스:
 java.base/java.lang.Object.wait0(Native Method)
 java.base/java.lang.Object.wait(Object.java:366)
 org.quartz.simpl.SimpleThreadPool$WorkerThread.run(SimpleThreadPool.java:561)
16-Dec-2025 13:05:14.251 정보 [main] org.apache.catalina.startup.HostConfig.deployWAR 웹 애플리케이션 아카이브 [D:\project\egov-enterprise\apache-tomcat-10.1.50\apache-tomcat-10.1.50\webapps\ROOT.war]의 배치가 [24,689] 밀리초에 완료되었습니다.
16-Dec-2025 13:05:14.254 정보 [main] org.apache.catalina.startup.HostConfig.deployDirectory 웹 애플리케이션 디렉토리 [D:\project\egov-enterprise\apache-tomcat-10.1.50\apache-tomcat-10.1.50\webapps\docs]을(를) 배치합니다.
16-Dec-2025 13:05:14.358 정보 [main] org.apache.jasper.servlet.TldScanner.scanJars 적어도 하나의 JAR가 TLD들을 찾기 위해 스캔되었으나 아무 것도 찾지 못했습니다. 스캔했으나 TLD가 없는 JAR들의 전체 목록을 보시려면, 로그 레벨을 디버그 레벨로 설정하십시오. 스캔 과정에서 불필요한 JAR들을 건너뛰면, 시스템 시작 시간과 JSP 컴파일 시간을 단축시킬 수 있습니다.
16-Dec-2025 13:05:14.393 정보 [main] org.apache.catalina.startup.HostConfig.deployDirectory 웹 애플리케이션 디렉토리 [D:\project\egov-enterprise\apache-tomcat-10.1.50\apache-tomcat-10.1.50\webapps\docs]에 대한 배치가 [139] 밀리초에 완료되었습니다.
16-Dec-2025 13:05:14.394 정보 [main] org.apache.catalina.startup.HostConfig.deployDirectory 웹 애플리케이션 디렉토리 [D:\project\egov-enterprise\apache-tomcat-10.1.50\apache-tomcat-10.1.50\webapps\examples]을(를) 배치합니다.
16-Dec-2025 13:05:15.506 정보 [main] org.apache.jasper.servlet.TldScanner.scanJars 적어도 하나의 JAR가 TLD들을 찾기 위해 스캔되었으나 아무 것도 찾지 못했습니다. 스캔했으나 TLD가 없는 JAR들의 전체 목록을 보시려면, 로그 레벨을 디버그 레벨로 설정하십시오. 스캔 과정에서 불필요한 JAR들을 건너뛰면, 시스템 시작 시간과 JSP 컴파일 시간을 단축시킬 수 있습니다.
16-Dec-2025 13:05:15.578 정보 [main] org.apache.catalina.startup.HostConfig.deployDirectory 웹 애플리케이션 디렉토리 [D:\project\egov-enterprise\apache-tomcat-10.1.50\apache-tomcat-10.1.50\webapps\examples]에 대한 배치가 [1,183] 밀리초에 완료되었습니다.
16-Dec-2025 13:05:15.578 정보 [main] org.apache.catalina.startup.HostConfig.deployDirectory 웹 애플리케이션 디렉토리 [D:\project\egov-enterprise\apache-tomcat-10.1.50\apache-tomcat-10.1.50\webapps\host-manager]을(를) 배치합니다.
16-Dec-2025 13:05:15.680 정보 [main] org.apache.jasper.servlet.TldScanner.scanJars 적어도 하나의 JAR가 TLD들을 찾기 위해 스캔되었으나 아무 것도 찾지 못했습니다. 스캔했으나 TLD가 없는 JAR들의 전체 목록을 보시려면, 로그 레벨을 디버그 레벨로 설정하십시오. 스캔 과정에서 불필요한 JAR들을 건너뛰면, 시스템 시작 시간과 JSP 컴파일 시간을 단축시킬 수 있습니다.
16-Dec-2025 13:05:15.689 정보 [main] org.apache.catalina.startup.HostConfig.deployDirectory 웹 애플리케이션 디렉토리 [D:\project\egov-enterprise\apache-tomcat-10.1.50\apache-tomcat-10.1.50\webapps\host-manager]에 대한 배치가 [111] 밀리초에 완료되었습니다.
16-Dec-2025 13:05:15.690 정보 [main] org.apache.catalina.startup.HostConfig.deployDirectory 웹 애플리케이션 디렉토리 [D:\project\egov-enterprise\apache-tomcat-10.1.50\apache-tomcat-10.1.50\webapps\manager]을(를) 배치합니다.
16-Dec-2025 13:05:15.822 정보 [main] org.apache.jasper.servlet.TldScanner.scanJars 적어도 하나의 JAR가 TLD들을 찾기 위해 스캔되었으나 아무 것도 찾지 못했습니다. 스캔했으나 TLD가 없는 JAR들의 전체 목록을 보시려면, 로그 레벨을 디버그 레벨로 설정하십시오. 스캔 과정에서 불필요한 JAR들을 건너뛰면, 시스템 시작 시간과 JSP 컴파일 시간을 단축시킬 수 있습니다.
16-Dec-2025 13:05:15.827 정보 [main] org.apache.catalina.startup.HostConfig.deployDirectory 웹 애플리케이션 디렉토리 [D:\project\egov-enterprise\apache-tomcat-10.1.50\apache-tomcat-10.1.50\webapps\manager]에 대한 배치가 [137] 밀리초에 완료되었습니다.
16-Dec-2025 13:05:15.836 정보 [main] org.apache.coyote.AbstractProtocol.start 프로토콜 핸들러 ["http-nio-8080"]을(를) 시작합니다.
16-Dec-2025 13:05:15.878 정보 [main] org.apache.catalina.startup.Catalina.start 서버가 [26470] 밀리초 내에 시작되었습니다.
